Component: ARM Compiler 5.06 update 4 (build 422) Tool: armlink [4d35d2]

==============================================================================

Section Cross References

    startup_stm32f10x_md.o(RESET) refers to startup_stm32f10x_md.o(STACK) for __initial_sp
    startup_stm32f10x_md.o(RESET) refers to startup_stm32f10x_md.o(.text) for Reset_Handler
    startup_stm32f10x_md.o(RESET) refers to stm32f10x_it.o(i.NMI_Handler) for NMI_Handler
    startup_stm32f10x_md.o(RESET) refers to stm32f10x_it.o(i.HardFault_Handler) for HardFault_Handler
    startup_stm32f10x_md.o(RESET) refers to stm32f10x_it.o(i.MemManage_Handler) for MemManage_Handler
    startup_stm32f10x_md.o(RESET) refers to stm32f10x_it.o(i.BusFault_Handler) for BusFault_Handler
    startup_stm32f10x_md.o(RESET) refers to stm32f10x_it.o(i.UsageFault_Handler) for UsageFault_Handler
    startup_stm32f10x_md.o(RESET) refers to stm32f10x_it.o(i.SVC_Handler) for SVC_Handler
    startup_stm32f10x_md.o(RESET) refers to stm32f10x_it.o(i.DebugMon_Handler) for DebugMon_Handler
    startup_stm32f10x_md.o(RESET) refers to stm32f10x_it.o(i.PendSV_Handler) for PendSV_Handler
    startup_stm32f10x_md.o(RESET) refers to bsp_usart1.o(i.DMA1_Channel4_IRQHandler) for DMA1_Channel4_IRQHandler
    startup_stm32f10x_md.o(RESET) refers to bsp_usart2.o(i.DMA1_Channel7_IRQHandler) for DMA1_Channel7_IRQHandler
    startup_stm32f10x_md.o(RESET) refers to stm32f10x_it.o(i.USB_HP_CAN1_TX_IRQHandler) for USB_HP_CAN1_TX_IRQHandler
    startup_stm32f10x_md.o(RESET) refers to stm32f10x_it.o(i.USB_LP_CAN1_RX0_IRQHandler) for USB_LP_CAN1_RX0_IRQHandler
    startup_stm32f10x_md.o(RESET) refers to stm32f10x_it.o(i.TIM2_IRQHandler) for TIM2_IRQHandler
    startup_stm32f10x_md.o(RESET) refers to bsp_usart1.o(i.USART1_IRQHandler) for USART1_IRQHandler
    startup_stm32f10x_md.o(RESET) refers to bsp_usart2.o(i.USART2_IRQHandler) for USART2_IRQHandler
    startup_stm32f10x_md.o(.text) refers to system_stm32f10x.o(i.SystemInit) for SystemInit
    startup_stm32f10x_md.o(.text) refers to entry.o(.ARM.Collect$$$$00000000) for __main
    system_stm32f10x.o(i.SetSysClock) refers to system_stm32f10x.o(i.SetSysClockTo72) for SetSysClockTo72
    system_stm32f10x.o(i.SystemCoreClockUpdate) refers to system_stm32f10x.o(.data) for .data
    system_stm32f10x.o(i.SystemInit) refers to system_stm32f10x.o(i.SetSysClock) for SetSysClock
    stm32f10x_adc.o(i.ADC_DeInit) refers to stm32f10x_rcc.o(i.RCC_APB2PeriphResetCmd) for RCC_APB2PeriphResetCmd
    stm32f10x_bkp.o(i.BKP_DeInit) refers to stm32f10x_rcc.o(i.RCC_BackupResetCmd) for RCC_BackupResetCmd
    stm32f10x_can.o(i.CAN_DeInit) refers to stm32f10x_rcc.o(i.RCC_APB1PeriphResetCmd) for RCC_APB1PeriphResetCmd
    stm32f10x_can.o(i.CAN_GetITStatus) refers to stm32f10x_can.o(i.CheckITStatus) for CheckITStatus
    stm32f10x_cec.o(i.CEC_DeInit) refers to stm32f10x_rcc.o(i.RCC_APB1PeriphResetCmd) for RCC_APB1PeriphResetCmd
    stm32f10x_dac.o(i.DAC_DeInit) refers to stm32f10x_rcc.o(i.RCC_APB1PeriphResetCmd) for RCC_APB1PeriphResetCmd
    stm32f10x_flash.o(i.FLASH_EnableWriteProtection) refers to stm32f10x_flash.o(i.FLASH_WaitForLastOperation) for FLASH_WaitForLastOperation
    stm32f10x_flash.o(i.FLASH_EraseAllBank1Pages) refers to stm32f10x_flash.o(i.FLASH_WaitForLastBank1Operation) for FLASH_WaitForLastBank1Operation
    stm32f10x_flash.o(i.FLASH_EraseAllPages) refers to stm32f10x_flash.o(i.FLASH_WaitForLastOperation) for FLASH_WaitForLastOperation
    stm32f10x_flash.o(i.FLASH_EraseOptionBytes) refers to stm32f10x_flash.o(i.FLASH_GetReadOutProtectionStatus) for FLASH_GetReadOutProtectionStatus
    stm32f10x_flash.o(i.FLASH_EraseOptionBytes) refers to stm32f10x_flash.o(i.FLASH_WaitForLastOperation) for FLASH_WaitForLastOperation
    stm32f10x_flash.o(i.FLASH_ErasePage) refers to stm32f10x_flash.o(i.FLASH_WaitForLastOperation) for FLASH_WaitForLastOperation
    stm32f10x_flash.o(i.FLASH_ProgramHalfWord) refers to stm32f10x_flash.o(i.FLASH_WaitForLastOperation) for FLASH_WaitForLastOperation
    stm32f10x_flash.o(i.FLASH_ProgramOptionByteData) refers to stm32f10x_flash.o(i.FLASH_WaitForLastOperation) for FLASH_WaitForLastOperation
    stm32f10x_flash.o(i.FLASH_ProgramWord) refers to stm32f10x_flash.o(i.FLASH_WaitForLastOperation) for FLASH_WaitForLastOperation
    stm32f10x_flash.o(i.FLASH_ReadOutProtection) refers to stm32f10x_flash.o(i.FLASH_WaitForLastOperation) for FLASH_WaitForLastOperation
    stm32f10x_flash.o(i.FLASH_UserOptionByteConfig) refers to stm32f10x_flash.o(i.FLASH_WaitForLastOperation) for FLASH_WaitForLastOperation
    stm32f10x_flash.o(i.FLASH_WaitForLastBank1Operation) refers to stm32f10x_flash.o(i.FLASH_GetBank1Status) for FLASH_GetBank1Status
    stm32f10x_flash.o(i.FLASH_WaitForLastOperation) refers to stm32f10x_flash.o(i.FLASH_GetBank1Status) for FLASH_GetBank1Status
    stm32f10x_gpio.o(i.GPIO_AFIODeInit) refers to stm32f10x_rcc.o(i.RCC_APB2PeriphResetCmd) for RCC_APB2PeriphResetCmd
[...]
    Removing stm32f10x_sdio.o(i.SDIO_StopSDIOReadWait), (12 bytes).
    Removing stm32f10x_sdio.o(i.SDIO_StructInit), (16 bytes).
    Removing stm32f10x_sdio.o(i.SDIO_WriteData), (12 bytes).
    Removing stm32f10x_spi.o(i.I2S_Cmd), (24 bytes).
    Removing stm32f10x_spi.o(i.I2S_Init), (168 bytes).
    Removing stm32f10x_spi.o(i.I2S_StructInit), (18 bytes).
    Removing stm32f10x_spi.o(i.SPI_BiDirectionalLineConfig), (26 bytes).
    Removing stm32f10x_spi.o(i.SPI_CalculateCRC), (24 bytes).
    Removing stm32f10x_spi.o(i.SPI_Cmd), (24 bytes).
    Removing stm32f10x_spi.o(i.SPI_DataSizeConfig), (16 bytes).
    Removing stm32f10x_spi.o(i.SPI_GetCRC), (12 bytes).
    Removing stm32f10x_spi.o(i.SPI_GetCRCPolynomial), (4 bytes).
    Removing stm32f10x_spi.o(i.SPI_I2S_ClearFlag), (6 bytes).
    Removing stm32f10x_spi.o(i.SPI_I2S_ClearITPendingBit), (14 bytes).
    Removing stm32f10x_spi.o(i.SPI_I2S_DMACmd), (20 bytes).
    Removing stm32f10x_spi.o(i.SPI_I2S_DeInit), (100 bytes).
    Removing stm32f10x_spi.o(i.SPI_I2S_GetFlagStatus), (14 bytes).
    Removing stm32f10x_spi.o(i.SPI_I2S_GetITStatus), (44 bytes).
    Removing stm32f10x_spi.o(i.SPI_I2S_ITConfig), (28 bytes).
    Removing stm32f10x_spi.o(i.SPI_I2S_ReceiveData), (4 bytes).
    Removing stm32f10x_spi.o(i.SPI_I2S_SendData), (4 bytes).
    Removing stm32f10x_spi.o(i.SPI_Init), (56 bytes).
    Removing stm32f10x_spi.o(i.SPI_NSSInternalSoftwareConfig), (28 bytes).
    Removing stm32f10x_spi.o(i.SPI_SSOutputCmd), (24 bytes).
    Removing stm32f10x_spi.o(i.SPI_StructInit), (24 bytes).
    Removing stm32f10x_spi.o(i.SPI_TransmitCRC), (10 bytes).
    Removing stm32f10x_tim.o(i.TI1_Config), (116 bytes).
    Removing stm32f10x_tim.o(i.TI2_Config), (124 bytes).
    Removing stm32f10x_tim.o(i.TI3_Config), (120 bytes).
    Removing stm32f10x_tim.o(i.TI4_Config), (124 bytes).
    Removing stm32f10x_tim.o(i.TIM_ARRPreloadConfig), (24 bytes).
    Removing stm32f10x_tim.o(i.TIM_BDTRConfig), (34 bytes).
    Removing stm32f10x_tim.o(i.TIM_BDTRStructInit), (18 bytes).
    Removing stm32f10x_tim.o(i.TIM_CCPreloadControl), (24 bytes).
    Removing stm32f10x_tim.o(i.TIM_CCxCmd), (22 bytes).
    Removing stm32f10x_tim.o(i.TIM_CCxNCmd), (22 bytes).
    Removing stm32f10x_tim.o(i.TIM_ClearFlag), (6 bytes).
    Removing stm32f10x_tim.o(i.TIM_ClearITPendingBit), (6 bytes).
    Removing stm32f10x_tim.o(i.TIM_ClearOC1Ref), (12 bytes).
    Removing stm32f10x_tim.o(i.TIM_ClearOC2Ref), (20 bytes).
    Removing stm32f10x_tim.o(i.TIM_ClearOC3Ref), (12 bytes).
    Removing stm32f10x_tim.o(i.TIM_ClearOC4Ref), (20 bytes).
    Removing stm32f10x_tim.o(i.TIM_Cmd), (24 bytes).
    Removing stm32f10x_tim.o(i.TIM_CounterModeConfig), (12 bytes).
    Removing stm32f10x_tim.o(i.TIM_CtrlPWMOutputs), (28 bytes).
    Removing stm32f10x_tim.o(i.TIM_DMACmd), (20 bytes).
    Removing stm32f10x_tim.o(i.TIM_DMAConfig), (8 bytes).
    Removing stm32f10x_tim.o(i.TIM_DeInit), (528 bytes).
    Removing stm32f10x_tim.o(i.TIM_ETRClockMode1Config), (32 bytes).
    Removing stm32f10x_tim.o(i.TIM_ETRClockMode2Config), (20 bytes).
    Removing stm32f10x_tim.o(i.TIM_ETRConfig), (24 bytes).
    Removing stm32f10x_tim.o(i.TIM_EncoderInterfaceConfig), (50 bytes).
    Removing stm32f10x_tim.o(i.TIM_ForcedOC1Config), (12 bytes).
    Removing stm32f10x_tim.o(i.TIM_ForcedOC2Config), (20 bytes).
    Removing stm32f10x_tim.o(i.TIM_ForcedOC3Config), (12 bytes).
    Removing stm32f10x_tim.o(i.TIM_ForcedOC4Config), (20 bytes).
    Removing stm32f10x_tim.o(i.TIM_GenerateEvent), (4 bytes).
    Removing stm32f10x_tim.o(i.TIM_GetCapture1), (4 bytes).
    Removing stm32f10x_tim.o(i.TIM_GetCapture2), (4 bytes).
    Removing stm32f10x_tim.o(i.TIM_GetCapture3), (4 bytes).
    Removing stm32f10x_tim.o(i.TIM_GetCapture4), (6 bytes).
    Removing stm32f10x_tim.o(i.TIM_GetCounter), (4 bytes).
    Removing stm32f10x_tim.o(i.TIM_GetFlagStatus), (14 bytes).
    Removing stm32f10x_tim.o(i.TIM_GetITStatus), (24 bytes).
    Removing stm32f10x_tim.o(i.TIM_GetPrescaler), (4 bytes).
    Removing stm32f10x_tim.o(i.TIM_ICInit), (140 bytes).
    Removing stm32f10x_tim.o(i.TIM_ICStructInit), (16 bytes).
    Removing stm32f10x_tim.o(i.TIM_ITConfig), (20 bytes).
    Removing stm32f10x_tim.o(i.TIM_ITRxExternalClockConfig), (20 bytes).
    Removing stm32f10x_tim.o(i.TIM_InternalClockConfig), (10 bytes).
    Removing stm32f10x_tim.o(i.TIM_OC1FastConfig), (12 bytes).
    Removing stm32f10x_tim.o(i.TIM_OC1Init), (136 bytes).
    Removing stm32f10x_tim.o(i.TIM_OC1NPolarityConfig), (12 bytes).
    Removing stm32f10x_tim.o(i.TIM_OC1PolarityConfig), (12 bytes).
    Removing stm32f10x_tim.o(i.TIM_OC1PreloadConfig), (12 bytes).
    Removing stm32f10x_tim.o(i.TIM_OC2FastConfig), (20 bytes).
    Removing stm32f10x_tim.o(i.TIM_OC2Init), (136 bytes).
    Removing stm32f10x_tim.o(i.TIM_OC2NPolarityConfig), (20 bytes).
    Removing stm32f10x_tim.o(i.TIM_OC2PolarityConfig), (20 bytes).
    Removing stm32f10x_tim.o(i.TIM_OC2PreloadConfig), (20 bytes).
    Removing stm32f10x_tim.o(i.TIM_OC3FastConfig), (12 bytes).
    Removing stm32f10x_tim.o(i.TIM_OC3Init), (132 bytes).
    Removing stm32f10x_tim.o(i.TIM_OC3NPolarityConfig), (20 bytes).
    Removing stm32f10x_tim.o(i.TIM_OC3PolarityConfig), (20 bytes).
    Removing stm32f10x_tim.o(i.TIM_OC3PreloadConfig), (12 bytes).
    Removing stm32f10x_tim.o(i.TIM_OC4FastConfig), (20 bytes).
    Removing stm32f10x_tim.o(i.TIM_OC4Init), (104 bytes).
    Removing stm32f10x_tim.o(i.TIM_OC4PolarityConfig), (20 bytes).
    Removing stm32f10x_tim.o(i.TIM_OC4PreloadConfig), (20 bytes).
    Removing stm32f10x_tim.o(i.TIM_OCStructInit), (20 bytes).
    Removing stm32f10x_tim.o(i.TIM_PWMIConfig), (110 bytes).
    Removing stm32f10x_tim.o(i.TIM_PrescalerConfig), (6 bytes).
    Removing stm32f10x_tim.o(i.TIM_SelectCCDMA), (24 bytes).
    Removing stm32f10x_tim.o(i.TIM_SelectCOM), (24 bytes).
    Removing stm32f10x_tim.o(i.TIM_SelectHallSensor), (24 bytes).
    Removing stm32f10x_tim.o(i.TIM_SelectInputTrigger), (12 bytes).
    Removing stm32f10x_tim.o(i.TIM_SelectMasterSlaveMode), (16 bytes).
    Removing stm32f10x_tim.o(i.TIM_SelectOCxM), (76 bytes).
    Removing stm32f10x_tim.o(i.TIM_SelectOnePulseMode), (16 bytes).
    Removing stm32f10x_tim.o(i.TIM_SelectOutputTrigger), (16 bytes).
    Removing stm32f10x_tim.o(i.TIM_SelectSlaveMode), (16 bytes).
    Removing stm32f10x_tim.o(i.TIM_SetAutoreload), (4 bytes).
    Removing stm32f10x_tim.o(i.TIM_SetClockDivision), (16 bytes).
    Removing stm32f10x_tim.o(i.TIM_SetCompare1), (4 bytes).
    Removing stm32f10x_tim.o(i.TIM_SetCompare2), (4 bytes).
    Removing stm32f10x_tim.o(i.TIM_SetCompare3), (4 bytes).
    Removing stm32f10x_tim.o(i.TIM_SetCompare4), (6 bytes).
    Removing stm32f10x_tim.o(i.TIM_SetCounter), (4 bytes).
    Removing stm32f10x_tim.o(i.TIM_SetIC1Prescaler), (16 bytes).
    Removing stm32f10x_tim.o(i.TIM_SetIC2Prescaler), (24 bytes).
    Removing stm32f10x_tim.o(i.TIM_SetIC3Prescaler), (16 bytes).
    Removing stm32f10x_tim.o(i.TIM_SetIC4Prescaler), (24 bytes).
    Removing stm32f10x_tim.o(i.TIM_TIxExternalClockConfig), (48 bytes).
    Removing stm32f10x_tim.o(i.TIM_TimeBaseInit), (156 bytes).
    Removing stm32f10x_tim.o(i.TIM_TimeBaseStructInit), (18 bytes).
    Removing stm32f10x_tim.o(i.TIM_UpdateDisableConfig), (24 bytes).
    Removing stm32f10x_tim.o(i.TIM_UpdateRequestConfig), (24 bytes).
    Removing stm32f10x_usart.o(i.USART_ClearFlag), (8 bytes).
    Removing stm32f10x_usart.o(i.USART_ClockInit), (30 bytes).
    Removing stm32f10x_usart.o(i.USART_ClockStructInit), (12 bytes).
    Removing stm32f10x_usart.o(i.USART_DeInit), (164 bytes).
    Removing stm32f10x_usart.o(i.USART_HalfDuplexCmd), (24 bytes).
    Removing stm32f10x_usart.o(i.USART_IrDACmd), (24 bytes).
    Removing stm32f10x_usart.o(i.USART_IrDAConfig), (16 bytes).
    Removing stm32f10x_usart.o(i.USART_LINBreakDetectLengthConfig), (16 bytes).
    Removing stm32f10x_usart.o(i.USART_LINCmd), (24 bytes).
    Removing stm32f10x_usart.o(i.USART_OneBitMethodCmd), (24 bytes).
    Removing stm32f10x_usart.o(i.USART_OverSampling8Cmd), (24 bytes).
    Removing stm32f10x_usart.o(i.USART_ReceiverWakeUpCmd), (24 bytes).
    Removing stm32f10x_usart.o(i.USART_SendBreak), (10 bytes).
    Removing stm32f10x_usart.o(i.USART_SetAddress), (16 bytes).
    Removing stm32f10x_usart.o(i.USART_SetGuardTime), (16 bytes).
    Removing stm32f10x_usart.o(i.USART_SetPrescaler), (16 bytes).
    Removing stm32f10x_usart.o(i.USART_SmartCardCmd), (24 bytes).
    Removing stm32f10x_usart.o(i.USART_SmartCardNACKCmd), (24 bytes).
    Removing stm32f10x_usart.o(i.USART_StructInit), (22 bytes).
    Removing stm32f10x_usart.o(i.USART_WakeUpConfig), (16 bytes).
    Removing stm32f10x_wwdg.o(i.WWDG_ClearFlag), (12 bytes).
    Removing stm32f10x_wwdg.o(i.WWDG_DeInit), (24 bytes).
    Removing stm32f10x_wwdg.o(i.WWDG_Enable), (16 bytes).
    Removing stm32f10x_wwdg.o(i.WWDG_EnableIT), (12 bytes).
    Removing stm32f10x_wwdg.o(i.WWDG_GetFlagStatus), (12 bytes).
    Removing stm32f10x_wwdg.o(i.WWDG_SetCounter), (16 bytes).
    Removing stm32f10x_wwdg.o(i.WWDG_SetPrescaler), (20 bytes).
    Removing stm32f10x_wwdg.o(i.WWDG_SetWindowValue), (32 bytes).
    Removing main.o(i.ByteToHexStr), (66 bytes).
    Removing stm32f10x_it.o(i.SDIO_IRQHandler), (2 bytes).
    Removing transport.o(i.transport_close), (4 bytes).
    Removing transport.o(i.transport_open), (4 bytes).
    Removing delay.o(i.delay_us), (52 bytes).
    Removing printf_init.o(i.Get_PrintfPort), (84 bytes).
    Removing printf_init.o(i._sys_exit), (2 bytes).
    Removing printf_init.o(i.fgetc), (36 bytes).
    Removing bsp_usart1.o(i.LookUSART1_GetBuffCount), (12 bytes).
    Removing bsp_usart1.o(i.LookUSART1_GetBuffMax), (6 bytes).
    Removing bsp_usart1.o(i.USART1_DMASendString), (56 bytes).
    Removing bsp_usart1.o(i.USART1_DMATxd_Init), (124 bytes).
    Removing bsp_usart1.o(i.USART1_GetData), (96 bytes).
    Removing bsp_usart1.o(i.USART1_SendString), (48 bytes).
    Removing bsp_usart2.o(i.LookUSART2_GetBuffMax), (6 bytes).
    Removing bsp_usart2.o(i.USART2_DMASendString), (56 bytes).
    Removing bsp_usart2.o(i.USART2_SendByte), (32 bytes).
    Removing timer.o(i.NVIC_Configuration), (40 bytes).
    Removing timer.o(i.TIM2_Configuration), (180 bytes).
    Removing mqttconnectclient.o(i.MQTTSerialize_disconnect), (6 bytes).
    Removing mqttconnectserver.o(i.MQTTDeserialize_connect), (254 bytes).
    Removing mqttconnectserver.o(i.MQTTPacket_checkVersion), (80 bytes).
    Removing mqttconnectserver.o(i.MQTTSerialize_connack), (98 bytes).
    Removing mqttdeserializepublish.o(i.MQTTDeserialize_ack), (74 bytes).
    Removing mqttformat.o(i.MQTTPacket_getName), (12 bytes).
    Removing mqttformat.o(i.MQTTStringFormat_ack), (88 bytes).
    Removing mqttformat.o(i.MQTTStringFormat_connack), (48 bytes).
    Removing mqttformat.o(i.MQTTStringFormat_connect), (180 bytes).
    Removing mqttformat.o(i.MQTTStringFormat_publish), (76 bytes).
    Removing mqttformat.o(i.MQTTStringFormat_suback), (68 bytes).
    Removing mqttformat.o(i.MQTTStringFormat_subscribe), (100 bytes).
    Removing mqttformat.o(i.MQTTStringFormat_unsubscribe), (88 bytes).
    Removing mqttformat.o(.conststring), (383 bytes).
    Removing mqttformat.o(.data), (60 bytes).
    Removing mqttpacket.o(i.MQTTPacket_decodenb), (86 bytes).
    Removing mqttpacket.o(i.MQTTPacket_equals), (56 bytes).
    Removing mqttpacket.o(i.MQTTPacket_readnb), (166 bytes).
    Removing mqttpacket.o(i.getLenStringLen), (10 bytes).
    Removing mqttserializepublish.o(i.MQTTSerialize_ack), (86 bytes).
    Removing mqttserializepublish.o(i.MQTTSerialize_puback), (14 bytes).
    Removing mqttserializepublish.o(i.MQTTSerialize_pubcomp), (14 bytes).
    Removing mqttserializepublish.o(i.MQTTSerialize_publish), (136 bytes).
    Removing mqttserializepublish.o(i.MQTTSerialize_publishLength), (28 bytes).
    Removing mqttserializepublish.o(i.MQTTSerialize_pubrel), (14 bytes).
    Removing mqttsubscribeserver.o(i.MQTTDeserialize_subscribe), (154 bytes).
    Removing mqttsubscribeserver.o(i.MQTTSerialize_suback), (102 bytes).
    Removing mqttunsubscribeclient.o(i.MQTTDeserialize_unsuback), (34 bytes).
    Removing mqttunsubscribeclient.o(i.MQTTSerialize_unsubscribe), (138 bytes).
    Removing mqttunsubscribeclient.o(i.MQTTSerialize_unsubscribeLength), (44 bytes).
    Removing mqttunsubscribeserver.o(i.MQTTDeserialize_unsubscribe), (132 bytes).
    Removing mqttunsubscribeserver.o(i.MQTTSerialize_unsuback), (72 bytes).

488 unused section(s) (total 18785 bytes) removed from the image.

==============================================================================

Image Symbol Table

    Local Symbols

    Symbol Name                              Value     Ov Type        Size  Object(Section)

    ../clib/microlib/division.c              0x00000000   Number         0  uidiv.o ABSOLUTE
    ../clib/microlib/division.c              0x00000000   Number         0  uldiv.o ABSOLUTE
    ../clib/microlib/init/entry.s            0x00000000   Number         0  entry.o ABSOLUTE
    ../clib/microlib/init/entry.s            0x00000000   Number         0  entry11a.o ABSOLUTE
    ../clib/microlib/init/entry.s            0x00000000   Number         0  entry9b.o ABSOLUTE
    ../clib/microlib/init/entry.s            0x00000000   Number         0  entry2.o ABSOLUTE
    ../clib/microlib/init/entry.s            0x00000000   Number         0  entry5.o ABSOLUTE
    ../clib/microlib/init/entry.s            0x00000000   Number         0  entry7a.o ABSOLUTE
    ../clib/microlib/init/entry.s            0x00000000   Number         0  entry7b.o ABSOLUTE
    ../clib/microlib/init/entry.s            0x00000000   Number         0  entry8b.o ABSOLUTE
    ../clib/microlib/init/entry.s            0x00000000   Number         0  entry8a.o ABSOLUTE
    ../clib/microlib/init/entry.s            0x00000000   Number         0  entry11b.o ABSOLUTE
    ../clib/microlib/init/entry.s            0x00000000   Number         0  entry10a.o ABSOLUTE
    ../clib/microlib/init/entry.s            0x00000000   Number         0  entry9a.o ABSOLUTE
    ../clib/microlib/init/entry.s            0x00000000   Number         0  entry10b.o ABSOLUTE
    ../clib/microlib/longlong.c              0x00000000   Number         0  llsshr.o ABSOLUTE
    ../clib/microlib/longlong.c              0x00000000   Number         0  llushr.o ABSOLUTE
    ../clib/microlib/longlong.c              0x00000000   Number         0  llshl.o ABSOLUTE
    ../clib/microlib/printf/printf.c         0x00000000   Number         0  printf1.o ABSOLUTE
    ../clib/microlib/printf/printf.c         0x00000000   Number         0  printf2.o ABSOLUTE
    ../clib/microlib/printf/printf.c         0x00000000   Number         0  printf4.o ABSOLUTE
    ../clib/microlib/printf/printf.c         0x00000000   Number         0  printfa.o ABSOLUTE
    ../clib/microlib/printf/printf.c         0x00000000   Number         0  printf3.o ABSOLUTE
    ../clib/microlib/printf/printf.c         0x00000000   Number         0  printf8.o ABSOLUTE
    ../clib/microlib/printf/printf.c         0x00000000   Number         0  printf6.o ABSOLUTE
    ../clib/microlib/printf/printf.c         0x00000000   Number         0  printf7.o ABSOLUTE
    ../clib/microlib/printf/printf.c         0x00000000   Number         0  printf0.o ABSOLUTE
    ../clib/microlib/printf/printf.c         0x00000000   Number         0  printf5.o ABSOLUTE
    ../clib/microlib/printf/printf.c         0x00000000   Number         0  printfb.o ABSOLUTE
    ../clib/microlib/printf/stubs.s          0x00000000   Number         0  stubs.o ABSOLUTE
    ../clib/microlib/string/memcmp.c         0x00000000   Number         0  memcmp.o ABSOLUTE
    ../clib/microlib/string/memcpy.c         0x00000000   Number         0  memcpyb.o ABSOLUTE
    ../clib/microlib/string/memcpy.c         0x00000000   Number         0  memcpya.o ABSOLUTE
    ../clib/microlib/string/strlen.c         0x00000000   Number         0  strlen.o ABSOLUTE
    ../clib/microlib/string/strncmp.c        0x00000000   Number         0  strncmp.o ABSOLUTE
    ../clib/microlib/string/strstr.c         0x00000000   Number         0  strstr.o ABSOLUTE
    ../clib/microlib/stubs.s                 0x00000000   Number         0  useno.o ABSOLUTE
    ../clib/microlib/stubs.s                 0x00000000   Number         0  iusefp.o ABSOLUTE
    ../fplib/microlib/fpadd.c                0x00000000   Number         0  dadd.o ABSOLUTE
    ../fplib/microlib/fpdiv.c                0x00000000   Number         0  ddiv.o ABSOLUTE
    ../fplib/microlib/fpepilogue.c           0x00000000   Number         0  depilogue.o ABSOLUTE
    ../fplib/microlib/fpfix.c                0x00000000   Number         0  dfixul.o ABSOLUTE
    ../fplib/microlib/fpmul.c                0x00000000   Number         0  dmul.o ABSOLUTE
    ..\..\Bsp\delay\delay.c                  0x00000000   Number         0  delay.o ABSOLUTE
    ..\..\Bsp\key\bsp_key.c                  0x00000000   Number         0  bsp_key.o ABSOLUTE
    ..\..\Bsp\led\bsp_led.c                  0x00000000   Number         0  bsp_led.o ABSOLUTE
    ..\..\Bsp\sim800l\SIM800L.C              0x00000000   Number         0  sim800l.o ABSOLUTE
    ..\..\Bsp\timer\TIMER.c                  0x00000000   Number         0  timer.o ABSOLUTE
    ..\..\Bsp\usart\bsp_usart1.c             0x00000000   Number         0  bsp_usart1.o ABSOLUTE
    ..\..\Bsp\usart\bsp_usart2.c             0x00000000   Number         0  bsp_usart2.o ABSOLUTE
    ..\..\Bsp\usart\printf_init.c            0x00000000   Number         0  printf_init.o ABSOLUTE
    ..\..\Libraries\CMSIS\core_cm3.c         0x00000000   Number         0  core_cm3.o ABSOLUTE
    ..\..\Libraries\CMSIS\startup\startup_stm32f10x_md.s 0x00000000   Number         0  startup_stm32f10x_md.o ABSOLUTE
    ..\..\Libraries\CMSIS\system_stm32f10x.c 0x00000000   Number         0  system_stm32f10x.o ABSOLUTE
    ..\..\Libraries\FWlib\src\misc.c         0x00000000   Number         0  misc.o ABSOLUTE
    ..\..\Libraries\FWlib\src\stm32f10x_adc.c 0x00000000   Number         0  stm32f10x_adc.o ABSOLUTE
    ..\..\Libraries\FWlib\src\stm32f10x_bkp.c 0x00000000   Number         0  stm32f10x_bkp.o ABSOLUTE
    ..\..\Libraries\FWlib\src\stm32f10x_can.c 0x00000000   Number         0  stm32f10x_can.o ABSOLUTE
    ..\..\Libraries\FWlib\src\stm32f10x_cec.c 0x00000000   Number         0  stm32f10x_cec.o ABSOLUTE
    ..\..\Libraries\FWlib\src\stm32f10x_crc.c 0x00000000   Number         0  stm32f10x_crc.o ABSOLUTE
    ..\..\Libraries\FWlib\src\stm32f10x_dac.c 0x00000000   Number         0  stm32f10x_dac.o ABSOLUTE
    ..\..\Libraries\FWlib\src\stm32f10x_dbgmcu.c 0x00000000   Number         0  stm32f10x_dbgmcu.o ABSOLUTE
    ..\..\Libraries\FWlib\src\stm32f10x_dma.c 0x00000000   Number         0  stm32f10x_dma.o ABSOLUTE
    ..\..\Libraries\FWlib\src\stm32f10x_exti.c 0x00000000   Number         0  stm32f10x_exti.o ABSOLUTE
    ..\..\Libraries\FWlib\src\stm32f10x_flash.c 0x00000000   Number         0  stm32f10x_flash.o ABSOLUTE
    ..\..\Libraries\FWlib\src\stm32f10x_fsmc.c 0x00000000   Number         0  stm32f10x_fsmc.o ABSOLUTE
    ..\..\Libraries\FWlib\src\stm32f10x_gpio.c 0x00000000   Number         0  stm32f10x_gpio.o ABSOLUTE
    ..\..\Libraries\FWlib\src\stm32f10x_i2c.c 0x00000000   Number         0  stm32f10x_i2c.o ABSOLUTE
    ..\..\Libraries\FWlib\src\stm32f10x_iwdg.c 0x00000000   Number         0  stm32f10x_iwdg.o ABSOLUTE
    ..\..\Libraries\FWlib\src\stm32f10x_pwr.c 0x00000000   Number         0  stm32f10x_pwr.o ABSOLUTE
    ..\..\Libraries\FWlib\src\stm32f10x_rcc.c 0x00000000   Number         0  stm32f10x_rcc.o ABSOLUTE
    ..\..\Libraries\FWlib\src\stm32f10x_rtc.c 0x00000000   Number         0  stm32f10x_rtc.o ABSOLUTE
    ..\..\Libraries\FWlib\src\stm32f10x_sdio.c 0x00000000   Number         0  stm32f10x_sdio.o ABSOLUTE
    ..\..\Libraries\FWlib\src\stm32f10x_spi.c 0x00000000   Number         0  stm32f10x_spi.o ABSOLUTE
    ..\..\Libraries\FWlib\src\stm32f10x_tim.c 0x00000000   Number         0  stm32f10x_tim.o ABSOLUTE
    ..\..\Libraries\FWlib\src\stm32f10x_usart.c 0x00000000   Number         0  stm32f10x_usart.o ABSOLUTE
    ..\..\Libraries\FWlib\src\stm32f10x_wwdg.c 0x00000000   Number         0  stm32f10x_wwdg.o ABSOLUTE
    ..\..\User\main.c                        0x00000000   Number         0  main.o ABSOLUTE
    ..\..\User\stm32f10x_it.c                0x00000000   Number         0  stm32f10x_it.o ABSOLUTE
    ..\..\User\transport.c                   0x00000000   Number         0  transport.o ABSOLUTE
    ..\..\Utils\Mqtt\MQTTConnectClient.c     0x00000000   Number         0  mqttconnectclient.o ABSOLUTE
    ..\..\Utils\Mqtt\MQTTConnectServer.c     0x00000000   Number         0  mqttconnectserver.o ABSOLUTE
    ..\..\Utils\Mqtt\MQTTDeserializePublish.c 0x00000000   Number         0  mqttdeserializepublish.o ABSOLUTE
    ..\..\Utils\Mqtt\MQTTFormat.c            0x00000000   Number         0  mqttformat.o ABSOLUTE
    ..\..\Utils\Mqtt\MQTTPacket.c            0x00000000   Number         0  mqttpacket.o ABSOLUTE
    ..\..\Utils\Mqtt\MQTTSerializePublish.c  0x00000000   Number         0  mqttserializepublish.o ABSOLUTE
    ..\..\Utils\Mqtt\MQTTSubscribeClient.c   0x00000000   Number         0  mqttsubscribeclient.o ABSOLUTE
    ..\..\Utils\Mqtt\MQTTSubscribeServer.c   0x00000000   Number         0  mqttsubscribeserver.o ABSOLUTE
    ..\..\Utils\Mqtt\MQTTUnsubscribeClient.c 0x00000000   Number         0  mqttunsubscribeclient.o ABSOLUTE
    ..\..\Utils\Mqtt\MQTTUnsubscribeServer.c 0x00000000   Number         0  mqttunsubscribeserver.o ABSOLUTE
    ..\\..\\Libraries\\CMSIS\\core_cm3.c     0x00000000   Number         0  core_cm3.o ABSOLUTE
    cdrcmple.s                               0x00000000   Number         0  cdrcmple.o ABSOLUTE
    dc.s                                     0x00000000   Number         0  dc.o ABSOLUTE
    handlers.s                               0x00000000   Number         0  handlers.o ABSOLUTE
    init.s                                   0x00000000   Number         0  init.o ABSOLUTE
    RESET                                    0x08000000   Section      236  startup_stm32f10x_md.o(RESET)
    .ARM.Collect$$$$00000000                 0x080000ec   Section        0  entry.o(.ARM.Collect$$$$00000000)
    .ARM.Collect$$$$00000001                 0x080000ec   Section        4  entry2.o(.ARM.Collect$$$$00000001)
    .ARM.Collect$$$$00000004                 0x080000f0   Section        4  entry5.o(.ARM.Collect$$$$00000004)
    .ARM.Collect$$$$00000008                 0x080000f4   Section        0  entry7b.o(.ARM.Collect$$$$00000008)
    .ARM.Collect$$$$0000000A                 0x080000f4   Section        0  entry8b.o(.ARM.Collect$$$$0000000A)
    .ARM.Collect$$$$0000000B                 0x080000f4   Section        8  entry9a.o(.ARM.Collect$$$$0000000B)
    .ARM.Collect$$$$0000000D                 0x080000fc   Section        0  entry10a.o(.ARM.Collect$$$$0000000D)
    .ARM.Collect$$$$0000000F                 0x080000fc   Section        0  entry11a.o(.ARM.Collect$$$$0000000F)
    .ARM.Collect$$$$00002712                 0x080000fc   Section        4  entry2.o(.ARM.Collect$$$$00002712)
    __lit__00000000                          0x080000fc   Data           4  entry2.o(.ARM.Collect$$$$00002712)
    .text                                    0x08000100   Section       36  startup_stm32f10x_md.o(.text)
    .text                                    0x08000124   Section        0  memcpya.o(.text)
    .text                                    0x08000148   Section        0  strstr.o(.text)
    .text                                    0x0800016c   Section        0  strlen.o(.text)
    .text                                    0x0800017a   Section        0  uidiv.o(.text)
    .text                                    0x080001a6   Section        0  uldiv.o(.text)
    .text                                    0x08000208   Section        0  dadd.o(.text)
    .text                                    0x08000208   Section        0  iusefp.o(.text)
    .text                                    0x08000356   Section        0  dmul.o(.text)
    .text                                    0x0800043a   Section        0  ddiv.o(.text)
    .text                                    0x08000518   Section        0  dfixul.o(.text)
    .text                                    0x08000548   Section       48  cdrcmple.o(.text)
    .text                                    0x08000578   Section       36  init.o(.text)
    .text                                    0x0800059c   Section        0  llshl.o(.text)
    .text                                    0x080005ba   Section        0  llushr.o(.text)
    .text                                    0x080005da   Section        0  llsshr.o(.text)
    .text                                    0x080005fe   Section        0  depilogue.o(.text)
    i.BusFault_Handler                       0x080006b8   Section        0  stm32f10x_it.o(i.BusFault_Handler)
    i.Creg_CK                                0x080006cc   Section        0  sim800l.o(i.Creg_CK)
    i.DMA1_Channel4_IRQHandler               0x080007bc   Section        0  bsp_usart1.o(i.DMA1_Channel4_IRQHandler)
    i.DMA1_Channel7_IRQHandler               0x080007f0   Section        0  bsp_usart2.o(i.DMA1_Channel7_IRQHandler)
    i.DMA_ClearFlag                          0x08000824   Section        0  stm32f10x_dma.o(i.DMA_ClearFlag)
    i.DMA_Cmd                                0x0800083c   Section        0  stm32f10x_dma.o(i.DMA_Cmd)
    i.DMA_DeInit                             0x08000858   Section        0  stm32f10x_dma.o(i.DMA_DeInit)
    i.DMA_GetFlagStatus                      0x08000950   Section        0  stm32f10x_dma.o(i.DMA_GetFlagStatus)
    i.DMA_ITConfig                           0x08000974   Section        0  stm32f10x_dma.o(i.DMA_ITConfig)
    i.DMA_Init                               0x08000988   Section        0  stm32f10x_dma.o(i.DMA_Init)
    i.DebugMon_Handler                       0x080009c2   Section        0  stm32f10x_it.o(i.DebugMon_Handler)
    i.FLASH_PrefetchBufferCmd                0x080009c4   Section        0  stm32f10x_flash.o(i.FLASH_PrefetchBufferCmd)
    i.FLASH_SetLatency                       0x080009dc   Section        0  stm32f10x_flash.o(i.FLASH_SetLatency)
    i.GPIO_Init                              0x080009f0   Section        0  stm32f10x_gpio.o(i.GPIO_Init)
    i.GPIO_PinRemapConfig                    0x08000a98   Section        0  stm32f10x_gpio.o(i.GPIO_PinRemapConfig)
    i.GPIO_ReadInputDataBit                  0x08000af4   Section        0  stm32f10x_gpio.o(i.GPIO_ReadInputDataBit)
    i.HardFault_Handler                      0x08000b04   Section        0  stm32f10x_it.o(i.HardFault_Handler)
    i.KEY_Init                               0x08000b1c   Section        0  bsp_key.o(i.KEY_Init)
    i.KEY_Scan                               0x08000b44   Section        0  bsp_key.o(i.KEY_Scan)
    i.LED_GPIO_Config                        0x08000b94   Section        0  bsp_led.o(i.LED_GPIO_Config)
    i.LookUSART2_GetBuffCount                0x08000bc0   Section        0  bsp_usart2.o(i.LookUSART2_GetBuffCount)
    i.MQTTDeserialize_connack                0x08000bd0   Section        0  mqttconnectclient.o(i.MQTTDeserialize_connack)
    i.MQTTDeserialize_publish                0x08000c30   Section        0  mqttdeserializepublish.o(i.MQTTDeserialize_publish)
    i.MQTTDeserialize_suback                 0x08000cc0   Section        0  mqttsubscribeclient.o(i.MQTTDeserialize_suback)
    i.MQTTPacket_decode                      0x08000d44   Section        0  mqttpacket.o(i.MQTTPacket_decode)
    i.MQTTPacket_decodeBuf                   0x08000d7c   Section        0  mqttpacket.o(i.MQTTPacket_decodeBuf)
    i.MQTTPacket_encode                      0x08000d90   Section        0  mqttpacket.o(i.MQTTPacket_encode)
    i.MQTTPacket_len                         0x08000dbc   Section        0  mqttpacket.o(i.MQTTPacket_len)
    i.MQTTPacket_read                        0x08000de4   Section        0  mqttpacket.o(i.MQTTPacket_read)
    i.MQTTSerialize_connect                  0x08000e98   Section        0  mqttconnectclient.o(i.MQTTSerialize_connect)
    i.MQTTSerialize_connectLength            0x08000fd4   Section        0  mqttconnectclient.o(i.MQTTSerialize_connectLength)
    i.MQTTSerialize_pingreq                  0x08001046   Section        0  mqttconnectclient.o(i.MQTTSerialize_pingreq)
    i.MQTTSerialize_subscribe                0x0800104c   Section        0  mqttsubscribeclient.o(i.MQTTSerialize_subscribe)
    i.MQTTSerialize_subscribeLength          0x080010e0   Section        0  mqttsubscribeclient.o(i.MQTTSerialize_subscribeLength)
    i.MQTTSerialize_zero                     0x0800110c   Section        0  mqttconnectclient.o(i.MQTTSerialize_zero)
    i.MQTTstrlen                             0x08001146   Section        0  mqttpacket.o(i.MQTTstrlen)
    i.MemManage_Handler                      0x0800115c   Section        0  stm32f10x_it.o(i.MemManage_Handler)
    i.NMI_Handler                            0x08001174   Section        0  stm32f10x_it.o(i.NMI_Handler)
    i.NVIC_Init                              0x08001178   Section        0  misc.o(i.NVIC_Init)
    i.NVIC_PriorityGroupConfig               0x080011dc   Section        0  misc.o(i.NVIC_PriorityGroupConfig)
    i.PendSV_Handler                         0x080011f0   Section        0  stm32f10x_it.o(i.PendSV_Handler)
    i.RCC_AHBPeriphClockCmd                  0x080011f4   Section        0  stm32f10x_rcc.o(i.RCC_AHBPeriphClockCmd)
    i.RCC_APB1PeriphClockCmd                 0x08001210   Section        0  stm32f10x_rcc.o(i.RCC_APB1PeriphClockCmd)
    i.RCC_APB2PeriphClockCmd                 0x0800122c   Section        0  stm32f10x_rcc.o(i.RCC_APB2PeriphClockCmd)
    i.RCC_Configuration                      0x08001248   Section        0  timer.o(i.RCC_Configuration)
    i.RCC_DeInit                             0x080012d8   Section        0  stm32f10x_rcc.o(i.RCC_DeInit)
    i.RCC_GetClocksFreq                      0x08001318   Section        0  stm32f10x_rcc.o(i.RCC_GetClocksFreq)
    i.RCC_GetFlagStatus                      0x080013c4   Section        0  stm32f10x_rcc.o(i.RCC_GetFlagStatus)
    i.RCC_GetSYSCLKSource                    0x080013f4   Section        0  stm32f10x_rcc.o(i.RCC_GetSYSCLKSource)
    i.RCC_HCLKConfig                         0x08001404   Section        0  stm32f10x_rcc.o(i.RCC_HCLKConfig)
    i.RCC_HSEConfig                          0x08001418   Section        0  stm32f10x_rcc.o(i.RCC_HSEConfig)
    i.RCC_PCLK1Config                        0x08001450   Section        0  stm32f10x_rcc.o(i.RCC_PCLK1Config)
    i.RCC_PCLK2Config                        0x08001464   Section        0  stm32f10x_rcc.o(i.RCC_PCLK2Config)
    i.RCC_PLLCmd                             0x08001478   Section        0  stm32f10x_rcc.o(i.RCC_PLLCmd)
    i.RCC_PLLConfig                          0x08001484   Section        0  stm32f10x_rcc.o(i.RCC_PLLConfig)
    i.RCC_SYSCLKConfig                       0x08001498   Section        0  stm32f10x_rcc.o(i.RCC_SYSCLKConfig)
    i.RCC_WaitForHSEStartUp                  0x080014ac   Section        0  stm32f10x_rcc.o(i.RCC_WaitForHSEStartUp)
    i.SVC_Handler                            0x080014dc   Section        0  stm32f10x_it.o(i.SVC_Handler)
    i.SetSysClock                            0x080014de   Section        0  system_stm32f10x.o(i.SetSysClock)
    SetSysClock                              0x080014df   Thumb Code     4  system_stm32f10x.o(i.SetSysClock)
    i.SetSysClockTo72                        0x080014e4   Section        0  system_stm32f10x.o(i.SetSysClockTo72)
    SetSysClockTo72                          0x080014e5   Thumb Code   166  system_stm32f10x.o(i.SetSysClockTo72)
    i.Set_PrintfPort                         0x08001594   Section        0  printf_init.o(i.Set_PrintfPort)
    i.Sim_ini                                0x080015e0   Section        0  sim800l.o(i.Sim_ini)
    i.Start_Gprs_TCP                         0x080016c0   Section        0  sim800l.o(i.Start_Gprs_TCP)
    i.SysTick_CLKSourceConfig                0x080017dc   Section        0  misc.o(i.SysTick_CLKSourceConfig)
    i.SystemInit                             0x080017f8   Section        0  system_stm32f10x.o(i.SystemInit)
    i.TIM2_IRQHandler                        0x08001848   Section        0  stm32f10x_it.o(i.TIM2_IRQHandler)
    i.USART1_Config                          0x0800184c   Section        0  bsp_usart1.o(i.USART1_Config)
    i.USART1_GPIO_Init                       0x08001894   Section        0  bsp_usart1.o(i.USART1_GPIO_Init)
    i.USART1_IRQHandler                      0x080018d8   Section        0  bsp_usart1.o(i.USART1_IRQHandler)
    i.USART1_Init                            0x08001968   Section        0  bsp_usart1.o(i.USART1_Init)
    i.USART1_NVIC_Init                       0x080019a0   Section        0  bsp_usart1.o(i.USART1_NVIC_Init)
    i.USART1_RX_Buffer_init                  0x080019c8   Section        0  bsp_usart1.o(i.USART1_RX_Buffer_init)
    i.USART1_SendByte                        0x080019e8   Section        0  bsp_usart1.o(i.USART1_SendByte)
    i.USART2_Config                          0x08001a08   Section        0  bsp_usart2.o(i.USART2_Config)
    i.USART2_DMATxd_Init                     0x08001a50   Section        0  bsp_usart2.o(i.USART2_DMATxd_Init)
    i.USART2_GPIO_Init                       0x08001acc   Section        0  bsp_usart2.o(i.USART2_GPIO_Init)
    i.USART2_GetData                         0x08001b0c   Section        0  bsp_usart2.o(i.USART2_GetData)
    i.USART2_IRQHandler                      0x08001b70   Section        0  bsp_usart2.o(i.USART2_IRQHandler)
    i.USART2_Init                            0x08001c08   Section        0  bsp_usart2.o(i.USART2_Init)
    i.USART2_NVIC_Init                       0x08001c40   Section        0  bsp_usart2.o(i.USART2_NVIC_Init)
    i.USART2_RX_Buffer_init                  0x08001c6c   Section        0  bsp_usart2.o(i.USART2_RX_Buffer_init)
    i.USART2_SendString                      0x08001c90   Section        0  bsp_usart2.o(i.USART2_SendString)
    i.USART2_printf                          0x08001cc0   Section        0  bsp_usart2.o(i.USART2_printf)
    i.USART_ClearITPendingBit                0x08001d0c   Section        0  stm32f10x_usart.o(i.USART_ClearITPendingBit)
    i.USART_Cmd                              0x08001d1c   Section        0  stm32f10x_usart.o(i.USART_Cmd)
    i.USART_DMACmd                           0x08001d34   Section        0  stm32f10x_usart.o(i.USART_DMACmd)
    i.USART_GetFlagStatus                    0x08001d48   Section        0  stm32f10x_usart.o(i.USART_GetFlagStatus)
    i.USART_GetITStatus                      0x08001d56   Section        0  stm32f10x_usart.o(i.USART_GetITStatus)
    i.USART_ITConfig                         0x08001d96   Section        0  stm32f10x_usart.o(i.USART_ITConfig)
    i.USART_Init                             0x08001dcc   Section        0  stm32f10x_usart.o(i.USART_Init)
    i.USART_ReceiveData                      0x08001e88   Section        0  stm32f10x_usart.o(i.USART_ReceiveData)
    i.USART_SendData                         0x08001e90   Section        0  stm32f10x_usart.o(i.USART_SendData)
    i.USB_HP_CAN1_TX_IRQHandler              0x08001e98   Section        0  stm32f10x_it.o(i.USB_HP_CAN1_TX_IRQHandler)
    i.USB_LP_CAN1_RX0_IRQHandler             0x08001e9a   Section        0  stm32f10x_it.o(i.USB_LP_CAN1_RX0_IRQHandler)
    i.UsageFault_Handler                     0x08001e9c   Section        0  stm32f10x_it.o(i.UsageFault_Handler)
    i.__0printf$8                            0x08001eb4   Section        0  printf8.o(i.__0printf$8)
    i.__0sprintf$8                           0x08001ed4   Section        0  printf8.o(i.__0sprintf$8)
    i.__0vsprintf                            0x08001efc   Section        0  printfa.o(i.__0vsprintf)
    i.__scatterload_copy                     0x08001f20   Section       14  handlers.o(i.__scatterload_copy)
    i.__scatterload_null                     0x08001f2e   Section        2  handlers.o(i.__scatterload_null)
    i.__scatterload_zeroinit                 0x08001f30   Section       14  handlers.o(i.__scatterload_zeroinit)
    i._fp_digits                             0x08001f40   Section        0  printfa.o(i._fp_digits)
    _fp_digits                               0x08001f41   Thumb Code   366  printfa.o(i._fp_digits)
    i._printf_core                           0x080020c4   Section        0  printf8.o(i._printf_core)
    _printf_core                             0x080020c5   Thumb Code   996  printf8.o(i._printf_core)
    i._printf_core                           0x080024d4   Section        0  printfa.o(i._printf_core)
    _printf_core                             0x080024d5   Thumb Code  1744  printfa.o(i._printf_core)
    i._printf_post_padding                   0x08002bb0   Section        0  printf8.o(i._printf_post_padding)
    _printf_post_padding                     0x08002bb1   Thumb Code    36  printf8.o(i._printf_post_padding)
    i._printf_post_padding                   0x08002bd4   Section        0  printfa.o(i._printf_post_padding)
    _printf_post_padding                     0x08002bd5   Thumb Code    36  printfa.o(i._printf_post_padding)
    i._printf_pre_padding                    0x08002bf8   Section        0  printf8.o(i._printf_pre_padding)
    _printf_pre_padding                      0x08002bf9   Thumb Code    46  printf8.o(i._printf_pre_padding)
    i._printf_pre_padding                    0x08002c26   Section        0  printfa.o(i._printf_pre_padding)
    _printf_pre_padding                      0x08002c27   Thumb Code    46  printfa.o(i._printf_pre_padding)
    i._sputc                                 0x08002c54   Section        0  printf8.o(i._sputc)
    _sputc                                   0x08002c55   Thumb Code    10  printf8.o(i._sputc)
    i._sputc                                 0x08002c5e   Section        0  printfa.o(i._sputc)
    _sputc                                   0x08002c5f   Thumb Code    10  printfa.o(i._sputc)
    i.bufchar                                0x08002c68   Section        0  mqttpacket.o(i.bufchar)
    i.connect_server                         0x08002c8c   Section        0  sim800l.o(i.connect_server)
    i.delay_init                             0x08002d54   Section        0  delay.o(i.delay_init)
    i.delay_ms                               0x08002d90   Section        0  delay.o(i.delay_ms)
    i.fputc                                  0x08002dc4   Section        0  printf_init.o(i.fputc)
    i.main                                   0x08002dec   Section        0  main.o(i.main)
    i.print_usart2_buf                       0x08003198   Section        0  bsp_usart2.o(i.print_usart2_buf)
    i.readChar                               0x080031e8   Section        0  mqttpacket.o(i.readChar)
    i.readInt                                0x080031f4   Section        0  mqttpacket.o(i.readInt)
    i.readMQTTLenString                      0x08003206   Section        0  mqttpacket.o(i.readMQTTLenString)
    i.sim800c_send_cmd                       0x0800323c   Section        0  sim800l.o(i.sim800c_send_cmd)
    i.sim800c_send_data                      0x080032b8   Section        0  sim800l.o(i.sim800c_send_data)
    i.transport_getdata                      0x08003318   Section        0  transport.o(i.transport_getdata)
    i.transport_sendPacketBuffer             0x0800333c   Section        0  transport.o(i.transport_sendPacketBuffer)
    i.writeCString                           0x08003344   Section        0  mqttpacket.o(i.writeCString)
    i.writeChar                              0x0800336c   Section        0  mqttpacket.o(i.writeChar)
    i.writeInt                               0x08003378   Section        0  mqttpacket.o(i.writeInt)
    i.writeMQTTString                        0x08003396   Section        0  mqttpacket.o(i.writeMQTTString)
    .constdata                               0x080033dc   Section       88  main.o(.constdata)
    .conststring                             0x08003434   Section       57  sim800l.o(.conststring)
    .data                                    0x20000000   Section       20  system_stm32f10x.o(.data)
    .data                                    0x20000014   Section       20  stm32f10x_rcc.o(.data)
    ADCPrescTable                            0x20000014   Data           4  stm32f10x_rcc.o(.data)
    APBAHBPrescTable                         0x20000018   Data          16  stm32f10x_rcc.o(.data)
    .data                                    0x20000028   Section        4  delay.o(.data)
    fac_us                                   0x20000028   Data           1  delay.o(.data)
    fac_ms                                   0x2000002a   Data           2  delay.o(.data)
    .data                                    0x2000002c   Section        4  printf_init.o(.data)
    USARTNow                                 0x2000002c   Data           4  printf_init.o(.data)
    .data                                    0x20000030   Section        4  printf_init.o(.data)
    .data                                    0x20000034   Section        1  bsp_key.o(.data)
    key_up                                   0x20000034   Data           1  bsp_key.o(.data)
    .data                                    0x20000036   Section        4  bsp_usart1.o(.data)
    USART1_GetChar                           0x20000036   Data           1  bsp_usart1.o(.data)
    rxValide                                 0x20000037   Data           1  bsp_usart1.o(.data)
    rxCount                                  0x20000038   Data           2  bsp_usart1.o(.data)
    .data                                    0x2000003c   Section        8  bsp_usart2.o(.data)
    USART2_GetChar                           0x2000003c   Data           1  bsp_usart2.o(.data)
    frameValide                              0x2000003d   Data           1  bsp_usart2.o(.data)
    frameCount                               0x2000003e   Data           2  bsp_usart2.o(.data)
    .data                                    0x20000044   Section       10  timer.o(.data)
    .data                                    0x20000050   Section        8  sim800l.o(.data)
    .data                                    0x20000058   Section        4  mqttpacket.o(.data)
    bufptr                                   0x20000058   Data           4  mqttpacket.o(.data)
    .bss                                     0x2000005c   Section      512  bsp_usart1.o(.bss)
    USART1RxBuffer                           0x2000005c   Data         256  bsp_usart1.o(.bss)
    USART1TxBuffer                           0x2000015c   Data         256  bsp_usart1.o(.bss)
    .bss                                     0x2000025c   Section      512  bsp_usart2.o(.bss)
    USART2RxBuffer                           0x2000025c   Data         256  bsp_usart2.o(.bss)
    USART2TxBuffer                           0x2000035c   Data         256  bsp_usart2.o(.bss)
    .bss                                     0x2000045c   Section      256  sim800l.o(.bss)
    SIM_Buffer                               0x2000045c   Data         256  sim800l.o(.bss)
    STACK                                    0x20000560   Section     1024  startup_stm32f10x_md.o(STACK)

    Global Symbols

    Symbol Name                              Value     Ov Type        Size  Object(Section)

    BuildAttributes$$THM_ISAv4$P$D$K$B$S$PE$A:L22UL41UL21$X:L11$S22US41US21$IEEE1$IW$USESV6$~STKCKD$USESV7$~SHL$OSPACE$ROPI$EBA8$MICROLIB$REQ8$PRES8$EABIv2 0x00000000   Number         0  anon$$obj.o ABSOLUTE
    __ARM_use_no_argv                        0x00000000   Number         0  main.o ABSOLUTE
    __use_no_errno                           0x00000000   Number         0  useno.o ABSOLUTE
    __use_no_exception_handling              0x00000000   Number         0  useno.o ABSOLUTE
    __use_no_fp                              0x00000000   Number         0  useno.o ABSOLUTE
    __use_no_heap                            0x00000000   Number         0  useno.o ABSOLUTE
    __use_no_heap_region                     0x00000000   Number         0  useno.o ABSOLUTE
    __use_no_semihosting                     0x00000000   Number         0  useno.o ABSOLUTE
    __use_no_semihosting_swi                 0x00000000   Number         0  useno.o ABSOLUTE
    __use_no_signal_handling                 0x00000000   Number         0  useno.o ABSOLUTE
    _printf_a                                0x00000000   Number         0  stubs.o ABSOLUTE
    _printf_c                                0x00000000   Number         0  stubs.o ABSOLUTE
    _printf_charcount                        0x00000000   Number         0  stubs.o ABSOLUTE
    _printf_d                                0x00000000   Number         0  stubs.o ABSOLUTE
    _printf_e                                0x00000000   Number         0  stubs.o ABSOLUTE
    _printf_f                                0x00000000   Number         0  stubs.o ABSOLUTE
    _printf_flags                            0x00000000   Number         0  stubs.o ABSOLUTE
    _printf_fp_dec                           0x00000000   Number         0  stubs.o ABSOLUTE
    _printf_fp_hex                           0x00000000   Number         0  stubs.o ABSOLUTE
    _printf_g                                0x00000000   Number         0  stubs.o ABSOLUTE
    _printf_i                                0x00000000   Number         0  stubs.o ABSOLUTE
    _printf_int_dec                          0x00000000   Number         0  stubs.o ABSOLUTE
    _printf_l                                0x00000000   Number         0  stubs.o ABSOLUTE
    _printf_lc                               0x00000000   Number         0  stubs.o ABSOLUTE
    _printf_ll                               0x00000000   Number         0  stubs.o ABSOLUTE
    _printf_lld                              0x00000000   Number         0  stubs.o ABSOLUTE
    _printf_lli                              0x00000000   Number         0  stubs.o ABSOLUTE
    _printf_llo                              0x00000000   Number         0  stubs.o ABSOLUTE
    _printf_llu                              0x00000000   Number         0  stubs.o ABSOLUTE
    _printf_llx                              0x00000000   Number         0  stubs.o ABSOLUTE
    _printf_longlong_dec                     0x00000000   Number         0  stubs.o ABSOLUTE
    _printf_longlong_hex                     0x00000000   Number         0  stubs.o ABSOLUTE
    _printf_longlong_oct                     0x00000000   Number         0  stubs.o ABSOLUTE
    _printf_ls                               0x00000000   Number         0  stubs.o ABSOLUTE
    _printf_mbtowc                           0x00000000   Number         0  stubs.o ABSOLUTE
    _printf_n                                0x00000000   Number         0  stubs.o ABSOLUTE
    _printf_o                                0x00000000   Number         0  stubs.o ABSOLUTE
    _printf_p                                0x00000000   Number         0  stubs.o ABSOLUTE
    _printf_percent                          0x00000000   Number         0  stubs.o ABSOLUTE
    _printf_pre_padding                      0x00000000   Number         0  stubs.o ABSOLUTE
    _printf_return_value                     0x00000000   Number         0  stubs.o ABSOLUTE
    _printf_s                                0x00000000   Number         0  stubs.o ABSOLUTE
    _printf_sizespec                         0x00000000   Number         0  stubs.o ABSOLUTE
    _printf_str                              0x00000000   Number         0  stubs.o ABSOLUTE
    _printf_truncate_signed                  0x00000000   Number         0  stubs.o ABSOLUTE
    _printf_truncate_unsigned                0x00000000   Number         0  stubs.o ABSOLUTE
    _printf_u                                0x00000000   Number         0  stubs.o ABSOLUTE
    _printf_wc                               0x00000000   Number         0  stubs.o ABSOLUTE
    _printf_wctomb                           0x00000000   Number         0  stubs.o ABSOLUTE
    _printf_widthprec                        0x00000000   Number         0  stubs.o ABSOLUTE
    _printf_x                                0x00000000   Number         0  stubs.o ABSOLUTE
    __cpp_initialize__aeabi_                  - Undefined Weak Reference
    __cxa_finalize                            - Undefined Weak Reference
    __decompress                              - Undefined Weak Reference
    _clock_init                               - Undefined Weak Reference
    _microlib_exit                            - Undefined Weak Reference
    __Vectors_Size                           0x000000ec   Number         0  startup_stm32f10x_md.o ABSOLUTE
    __Vectors                                0x08000000   Data           4  startup_stm32f10x_md.o(RESET)
    __Vectors_End                            0x080000ec   Data           0  startup_stm32f10x_md.o(RESET)
    __main                                   0x080000ed   Thumb Code     0  entry.o(.ARM.Collect$$$$00000000)
    _main_stk                                0x080000ed   Thumb Code     0  entry2.o(.ARM.Collect$$$$00000001)
    _main_scatterload                        0x080000f1   Thumb Code     0  entry5.o(.ARM.Collect$$$$00000004)
    __main_after_scatterload                 0x080000f5   Thumb Code     0  entry5.o(.ARM.Collect$$$$00000004)
    _main_clock                              0x080000f5   Thumb Code     0  entry7b.o(.ARM.Collect$$$$00000008)
    _main_cpp_init                           0x080000f5   Thumb Code     0  entry8b.o(.ARM.Collect$$$$0000000A)
    _main_init                               0x080000f5   Thumb Code     0  entry9a.o(.ARM.Collect$$$$0000000B)
    __rt_final_cpp                           0x080000fd   Thumb Code     0  entry10a.o(.ARM.Collect$$$$0000000D)
    __rt_final_exit                          0x080000fd   Thumb Code     0  entry11a.o(.ARM.Collect$$$$0000000F)
    Reset_Handler                            0x08000101   Thumb Code     8  startup_stm32f10x_md.o(.text)
    SysTick_Handler                          0x08000119   Thumb Code     2  startup_stm32f10x_md.o(.text)
    ADC1_2_IRQHandler                        0x0800011b   Thumb Code     0  startup_stm32f10x_md.o(.text)
    CAN1_RX1_IRQHandler                      0x0800011b   Thumb Code     0  startup_stm32f10x_md.o(.text)
    CAN1_SCE_IRQHandler                      0x0800011b   Thumb Code     0  startup_stm32f10x_md.o(.text)
    DMA1_Channel1_IRQHandler                 0x0800011b   Thumb Code     0  startup_stm32f10x_md.o(.text)
    DMA1_Channel2_IRQHandler                 0x0800011b   Thumb Code     0  startup_stm32f10x_md.o(.text)
    DMA1_Channel3_IRQHandler                 0x0800011b   Thumb Code     0  startup_stm32f10x_md.o(.text)
    DMA1_Channel5_IRQHandler                 0x0800011b   Thumb Code     0  startup_stm32f10x_md.o(.text)
    DMA1_Channel6_IRQHandler                 0x0800011b   Thumb Code     0  startup_stm32f10x_md.o(.text)
    EXTI0_IRQHandler                         0x0800011b   Thumb Code     0  startup_stm32f10x_md.o(.text)
    EXTI15_10_IRQHandler                     0x0800011b   Thumb Code     0  startup_stm32f10x_md.o(.text)
    EXTI1_IRQHandler                         0x0800011b   Thumb Code     0  startup_stm32f10x_md.o(.text)
    EXTI2_IRQHandler                         0x0800011b   Thumb Code     0  startup_stm32f10x_md.o(.text)
    EXTI3_IRQHandler                         0x0800011b   Thumb Code     0  startup_stm32f10x_md.o(.text)
    EXTI4_IRQHandler                         0x0800011b   Thumb Code     0  startup_stm32f10x_md.o(.text)
    EXTI9_5_IRQHandler                       0x0800011b   Thumb Code     0  startup_stm32f10x_md.o(.text)
    FLASH_IRQHandler                         0x0800011b   Thumb Code     0  startup_stm32f10x_md.o(.text)
    I2C1_ER_IRQHandler                       0x0800011b   Thumb Code     0  startup_stm32f10x_md.o(.text)
    I2C1_EV_IRQHandler                       0x0800011b   Thumb Code     0  startup_stm32f10x_md.o(.text)
    I2C2_ER_IRQHandler                       0x0800011b   Thumb Code     0  startup_stm32f10x_md.o(.text)
    I2C2_EV_IRQHandler                       0x0800011b   Thumb Code     0  startup_stm32f10x_md.o(.text)
    PVD_IRQHandler                           0x0800011b   Thumb Code     0  startup_stm32f10x_md.o(.text)
    RCC_IRQHandler                           0x0800011b   Thumb Code     0  startup_stm32f10x_md.o(.text)
    RTCAlarm_IRQHandler                      0x0800011b   Thumb Code     0  startup_stm32f10x_md.o(.text)
    RTC_IRQHandler                           0x0800011b   Thumb Code     0  startup_stm32f10x_md.o(.text)
    SPI1_IRQHandler                          0x0800011b   Thumb Code     0  startup_stm32f10x_md.o(.text)
    SPI2_IRQHandler                          0x0800011b   Thumb Code     0  startup_stm32f10x_md.o(.text)
    TAMPER_IRQHandler                        0x0800011b   Thumb Code     0  startup_stm32f10x_md.o(.text)
    TIM1_BRK_IRQHandler                      0x0800011b   Thumb Code     0  startup_stm32f10x_md.o(.text)
    TIM1_CC_IRQHandler                       0x0800011b   Thumb Code     0  startup_stm32f10x_md.o(.text)
    TIM1_TRG_COM_IRQHandler                  0x0800011b   Thumb Code     0  startup_stm32f10x_md.o(.text)
    TIM1_UP_IRQHandler                       0x0800011b   Thumb Code     0  startup_stm32f10x_md.o(.text)
    TIM3_IRQHandler                          0x0800011b   Thumb Code     0  startup_stm32f10x_md.o(.text)
    TIM4_IRQHandler                          0x0800011b   Thumb Code     0  startup_stm32f10x_md.o(.text)
    USART3_IRQHandler                        0x0800011b   Thumb Code     0  startup_stm32f10x_md.o(.text)
    USBWakeUp_IRQHandler                     0x0800011b   Thumb Code     0  startup_stm32f10x_md.o(.text)
    WWDG_IRQHandler                          0x0800011b   Thumb Code     0  startup_stm32f10x_md.o(.text)
    __aeabi_memcpy                           0x08000125   Thumb Code    36  memcpya.o(.text)
    __aeabi_memcpy4                          0x08000125   Thumb Code     0  memcpya.o(.text)
    __aeabi_memcpy8                          0x08000125   Thumb Code     0  memcpya.o(.text)
    strstr                                   0x08000149   Thumb Code    36  strstr.o(.text)
    strlen                                   0x0800016d   Thumb Code    14  strlen.o(.text)
    __aeabi_uidiv                            0x0800017b   Thumb Code     0  uidiv.o(.text)
    __aeabi_uidivmod                         0x0800017b   Thumb Code    44  uidiv.o(.text)
    __aeabi_uldivmod                         0x080001a7   Thumb Code    98  uldiv.o(.text)
    __I$use$fp                               0x08000209   Thumb Code     0  iusefp.o(.text)
    __aeabi_dadd                             0x08000209   Thumb Code   322  dadd.o(.text)
    __aeabi_dsub                             0x0800034b   Thumb Code     6  dadd.o(.text)
    __aeabi_drsub                            0x08000351   Thumb Code     6  dadd.o(.text)
    __aeabi_dmul                             0x08000357   Thumb Code   228  dmul.o(.text)
    __aeabi_ddiv                             0x0800043b   Thumb Code   222  ddiv.o(.text)
    __aeabi_d2ulz                            0x08000519   Thumb Code    48  dfixul.o(.text)
    __aeabi_cdrcmple                         0x08000549   Thumb Code    48  cdrcmple.o(.text)
    __scatterload                            0x08000579   Thumb Code    28  init.o(.text)
    __scatterload_rt2                        0x08000579   Thumb Code     0  init.o(.text)
    __aeabi_llsl                             0x0800059d   Thumb Code    30  llshl.o(.text)
    _ll_shift_l                              0x0800059d   Thumb Code     0  llshl.o(.text)
    __aeabi_llsr                             0x080005bb   Thumb Code    32  llushr.o(.text)
    _ll_ushift_r                             0x080005bb   Thumb Code     0  llushr.o(.text)
    __aeabi_lasr                             0x080005db   Thumb Code    36  llsshr.o(.text)
    _ll_sshift_r                             0x080005db   Thumb Code     0  llsshr.o(.text)
    _double_round                            0x080005ff   Thumb Code    30  depilogue.o(.text)
    _double_epilogue                         0x0800061d   Thumb Code   156  depilogue.o(.text)
    BusFault_Handler                         0x080006b9   Thumb Code     8  stm32f10x_it.o(i.BusFault_Handler)
    Creg_CK                                  0x080006cd   Thumb Code   156  sim800l.o(i.Creg_CK)
    DMA1_Channel4_IRQHandler                 0x080007bd   Thumb Code    42  bsp_usart1.o(i.DMA1_Channel4_IRQHandler)
    DMA1_Channel7_IRQHandler                 0x080007f1   Thumb Code    42  bsp_usart2.o(i.DMA1_Channel7_IRQHandler)
    DMA_ClearFlag                            0x08000825   Thumb Code    16  stm32f10x_dma.o(i.DMA_ClearFlag)
    DMA_Cmd                                  0x0800083d   Thumb Code    26  stm32f10x_dma.o(i.DMA_Cmd)
    DMA_DeInit                               0x08000859   Thumb Code   238  stm32f10x_dma.o(i.DMA_DeInit)
    DMA_GetFlagStatus                        0x08000951   Thumb Code    26  stm32f10x_dma.o(i.DMA_GetFlagStatus)
    DMA_ITConfig                             0x08000975   Thumb Code    20  stm32f10x_dma.o(i.DMA_ITConfig)
    DMA_Init                                 0x08000989   Thumb Code    58  stm32f10x_dma.o(i.DMA_Init)
    DebugMon_Handler                         0x080009c3   Thumb Code     2  stm32f10x_it.o(i.DebugMon_Handler)
    FLASH_PrefetchBufferCmd                  0x080009c5   Thumb Code    18  stm32f10x_flash.o(i.FLASH_PrefetchBufferCmd)
    FLASH_SetLatency                         0x080009dd   Thumb Code    14  stm32f10x_flash.o(i.FLASH_SetLatency)
    GPIO_Init                                0x080009f1   Thumb Code   166  stm32f10x_gpio.o(i.GPIO_Init)
    GPIO_PinRemapConfig                      0x08000a99   Thumb Code    86  stm32f10x_gpio.o(i.GPIO_PinRemapConfig)
    GPIO_ReadInputDataBit                    0x08000af5   Thumb Code    14  stm32f10x_gpio.o(i.GPIO_ReadInputDataBit)
    HardFault_Handler                        0x08000b05   Thumb Code     8  stm32f10x_it.o(i.HardFault_Handler)
    KEY_Init                                 0x08000b1d   Thumb Code    36  bsp_key.o(i.KEY_Init)
    KEY_Scan                                 0x08000b45   Thumb Code    72  bsp_key.o(i.KEY_Scan)
    LED_GPIO_Config                          0x08000b95   Thumb Code    40  bsp_led.o(i.LED_GPIO_Config)
    LookUSART2_GetBuffCount                  0x08000bc1   Thumb Code    10  bsp_usart2.o(i.LookUSART2_GetBuffCount)
    MQTTDeserialize_connack                  0x08000bd1   Thumb Code    96  mqttconnectclient.o(i.MQTTDeserialize_connack)
    MQTTDeserialize_publish                  0x08000c31   Thumb Code   144  mqttdeserializepublish.o(i.MQTTDeserialize_publish)
    MQTTDeserialize_suback                   0x08000cc1   Thumb Code   132  mqttsubscribeclient.o(i.MQTTDeserialize_suback)
    MQTTPacket_decode                        0x08000d45   Thumb Code    56  mqttpacket.o(i.MQTTPacket_decode)
    MQTTPacket_decodeBuf                     0x08000d7d   Thumb Code    10  mqttpacket.o(i.MQTTPacket_decodeBuf)
    MQTTPacket_encode                        0x08000d91   Thumb Code    42  mqttpacket.o(i.MQTTPacket_encode)
    MQTTPacket_len                           0x08000dbd   Thumb Code    34  mqttpacket.o(i.MQTTPacket_len)
    MQTTPacket_read                          0x08000de5   Thumb Code   124  mqttpacket.o(i.MQTTPacket_read)
    MQTTSerialize_connect                    0x08000e99   Thumb Code   298  mqttconnectclient.o(i.MQTTSerialize_connect)
    MQTTSerialize_connectLength              0x08000fd5   Thumb Code   114  mqttconnectclient.o(i.MQTTSerialize_connectLength)
    MQTTSerialize_pingreq                    0x08001047   Thumb Code     6  mqttconnectclient.o(i.MQTTSerialize_pingreq)
    MQTTSerialize_subscribe                  0x0800104d   Thumb Code   148  mqttsubscribeclient.o(i.MQTTSerialize_subscribe)
    MQTTSerialize_subscribeLength            0x080010e1   Thumb Code    44  mqttsubscribeclient.o(i.MQTTSerialize_subscribeLength)
    MQTTSerialize_zero                       0x0800110d   Thumb Code    58  mqttconnectclient.o(i.MQTTSerialize_zero)
    MQTTstrlen                               0x08001147   Thumb Code    22  mqttpacket.o(i.MQTTstrlen)
    MemManage_Handler                        0x0800115d   Thumb Code     8  stm32f10x_it.o(i.MemManage_Handler)
    NMI_Handler                              0x08001175   Thumb Code     2  stm32f10x_it.o(i.NMI_Handler)
    NVIC_Init                                0x08001179   Thumb Code    96  misc.o(i.NVIC_Init)
    NVIC_PriorityGroupConfig                 0x080011dd   Thumb Code    10  misc.o(i.NVIC_PriorityGroupConfig)
    PendSV_Handler                           0x080011f1   Thumb Code     2  stm32f10x_it.o(i.PendSV_Handler)
    RCC_AHBPeriphClockCmd                    0x080011f5   Thumb Code    22  stm32f10x_rcc.o(i.RCC_AHBPeriphClockCmd)
    RCC_APB1PeriphClockCmd                   0x08001211   Thumb Code    22  stm32f10x_rcc.o(i.RCC_APB1PeriphClockCmd)
    RCC_APB2PeriphClockCmd                   0x0800122d   Thumb Code    22  stm32f10x_rcc.o(i.RCC_APB2PeriphClockCmd)
    RCC_Configuration                        0x08001249   Thumb Code   136  timer.o(i.RCC_Configuration)
    RCC_DeInit                               0x080012d9   Thumb Code    50  stm32f10x_rcc.o(i.RCC_DeInit)
    RCC_GetClocksFreq                        0x08001319   Thumb Code   154  stm32f10x_rcc.o(i.RCC_GetClocksFreq)
    RCC_GetFlagStatus                        0x080013c5   Thumb Code    42  stm32f10x_rcc.o(i.RCC_GetFlagStatus)
    RCC_GetSYSCLKSource                      0x080013f5   Thumb Code    10  stm32f10x_rcc.o(i.RCC_GetSYSCLKSource)
    RCC_HCLKConfig                           0x08001405   Thumb Code    14  stm32f10x_rcc.o(i.RCC_HCLKConfig)
    RCC_HSEConfig                            0x08001419   Thumb Code    50  stm32f10x_rcc.o(i.RCC_HSEConfig)
    RCC_PCLK1Config                          0x08001451   Thumb Code    14  stm32f10x_rcc.o(i.RCC_PCLK1Config)
    RCC_PCLK2Config                          0x08001465   Thumb Code    16  stm32f10x_rcc.o(i.RCC_PCLK2Config)
    RCC_PLLCmd                               0x08001479   Thumb Code     6  stm32f10x_rcc.o(i.RCC_PLLCmd)
    RCC_PLLConfig                            0x08001485   Thumb Code    16  stm32f10x_rcc.o(i.RCC_PLLConfig)
    RCC_SYSCLKConfig                         0x08001499   Thumb Code    14  stm32f10x_rcc.o(i.RCC_SYSCLKConfig)
    RCC_WaitForHSEStartUp                    0x080014ad   Thumb Code    48  stm32f10x_rcc.o(i.RCC_WaitForHSEStartUp)
    SVC_Handler                              0x080014dd   Thumb Code     2  stm32f10x_it.o(i.SVC_Handler)
    Set_PrintfPort                           0x08001595   Thumb Code    50  printf_init.o(i.Set_PrintfPort)
    Sim_ini                                  0x080015e1   Thumb Code   116  sim800l.o(i.Sim_ini)
    Start_Gprs_TCP                           0x080016c1   Thumb Code   110  sim800l.o(i.Start_Gprs_TCP)
    SysTick_CLKSourceConfig                  0x080017dd   Thumb Code    28  misc.o(i.SysTick_CLKSourceConfig)
    SystemInit                               0x080017f9   Thumb Code    64  system_stm32f10x.o(i.SystemInit)
    TIM2_IRQHandler                          0x08001849   Thumb Code     2  stm32f10x_it.o(i.TIM2_IRQHandler)
    USART1_Config                            0x0800184d   Thumb Code    66  bsp_usart1.o(i.USART1_Config)
    USART1_GPIO_Init                         0x08001895   Thumb Code    62  bsp_usart1.o(i.USART1_GPIO_Init)
    USART1_IRQHandler                        0x080018d9   Thumb Code   132  bsp_usart1.o(i.USART1_IRQHandler)
    USART1_Init                              0x08001969   Thumb Code    50  bsp_usart1.o(i.USART1_Init)
    USART1_NVIC_Init                         0x080019a1   Thumb Code    40  bsp_usart1.o(i.USART1_NVIC_Init)
    USART1_RX_Buffer_init                    0x080019c9   Thumb Code    24  bsp_usart1.o(i.USART1_RX_Buffer_init)
    USART1_SendByte                          0x080019e9   Thumb Code    26  bsp_usart1.o(i.USART1_SendByte)
    USART2_Config                            0x08001a09   Thumb Code    66  bsp_usart2.o(i.USART2_Config)
    USART2_DMATxd_Init                       0x08001a51   Thumb Code   112  bsp_usart2.o(i.USART2_DMATxd_Init)
    USART2_GPIO_Init                         0x08001acd   Thumb Code    58  bsp_usart2.o(i.USART2_GPIO_Init)
    USART2_GetData                           0x08001b0d   Thumb Code    88  bsp_usart2.o(i.USART2_GetData)
    USART2_IRQHandler                        0x08001b71   Thumb Code   140  bsp_usart2.o(i.USART2_IRQHandler)
    USART2_Init                              0x08001c09   Thumb Code    50  bsp_usart2.o(i.USART2_Init)
    USART2_NVIC_Init                         0x08001c41   Thumb Code    42  bsp_usart2.o(i.USART2_NVIC_Init)
    USART2_RX_Buffer_init                    0x08001c6d   Thumb Code    26  bsp_usart2.o(i.USART2_RX_Buffer_init)
    USART2_SendString                        0x08001c91   Thumb Code    44  bsp_usart2.o(i.USART2_SendString)
    USART2_printf                            0x08001cc1   Thumb Code    68  bsp_usart2.o(i.USART2_printf)
    USART_ClearITPendingBit                  0x08001d0d   Thumb Code    16  stm32f10x_usart.o(i.USART_ClearITPendingBit)
    USART_Cmd                                0x08001d1d   Thumb Code    24  stm32f10x_usart.o(i.USART_Cmd)
    USART_DMACmd                             0x08001d35   Thumb Code    20  stm32f10x_usart.o(i.USART_DMACmd)
    USART_GetFlagStatus                      0x08001d49   Thumb Code    14  stm32f10x_usart.o(i.USART_GetFlagStatus)
    USART_GetITStatus                        0x08001d57   Thumb Code    64  stm32f10x_usart.o(i.USART_GetITStatus)
    USART_ITConfig                           0x08001d97   Thumb Code    54  stm32f10x_usart.o(i.USART_ITConfig)
    USART_Init                               0x08001dcd   Thumb Code   182  stm32f10x_usart.o(i.USART_Init)
    USART_ReceiveData                        0x08001e89   Thumb Code     8  stm32f10x_usart.o(i.USART_ReceiveData)
    USART_SendData                           0x08001e91   Thumb Code     8  stm32f10x_usart.o(i.USART_SendData)
    USB_HP_CAN1_TX_IRQHandler                0x08001e99   Thumb Code     2  stm32f10x_it.o(i.USB_HP_CAN1_TX_IRQHandler)
    USB_LP_CAN1_RX0_IRQHandler               0x08001e9b   Thumb Code     2  stm32f10x_it.o(i.USB_LP_CAN1_RX0_IRQHandler)
    UsageFault_Handler                       0x08001e9d   Thumb Code     8  stm32f10x_it.o(i.UsageFault_Handler)
    __0printf$8                              0x08001eb5   Thumb Code    22  printf8.o(i.__0printf$8)
    __1printf$8                              0x08001eb5   Thumb Code     0  printf8.o(i.__0printf$8)
    __2printf                                0x08001eb5   Thumb Code     0  printf8.o(i.__0printf$8)
    __0sprintf$8                             0x08001ed5   Thumb Code    34  printf8.o(i.__0sprintf$8)
    __1sprintf$8                             0x08001ed5   Thumb Code     0  printf8.o(i.__0sprintf$8)
    __2sprintf                               0x08001ed5   Thumb Code     0  printf8.o(i.__0sprintf$8)
    __0vsprintf                              0x08001efd   Thumb Code    30  printfa.o(i.__0vsprintf)
    __1vsprintf                              0x08001efd   Thumb Code     0  printfa.o(i.__0vsprintf)
    __2vsprintf                              0x08001efd   Thumb Code     0  printfa.o(i.__0vsprintf)
    __c89vsprintf                            0x08001efd   Thumb Code     0  printfa.o(i.__0vsprintf)
    vsprintf                                 0x08001efd   Thumb Code     0  printfa.o(i.__0vsprintf)
    __scatterload_copy                       0x08001f21   Thumb Code    14  handlers.o(i.__scatterload_copy)
    __scatterload_null                       0x08001f2f   Thumb Code     2  handlers.o(i.__scatterload_null)
    __scatterload_zeroinit                   0x08001f31   Thumb Code    14  handlers.o(i.__scatterload_zeroinit)
    bufchar                                  0x08002c69   Thumb Code    30  mqttpacket.o(i.bufchar)
    connect_server                           0x08002c8d   Thumb Code    94  sim800l.o(i.connect_server)
    delay_init                               0x08002d55   Thumb Code    46  delay.o(i.delay_init)
    delay_ms                                 0x08002d91   Thumb Code    46  delay.o(i.delay_ms)
    fputc                                    0x08002dc5   Thumb Code    34  printf_init.o(i.fputc)
    main                                     0x08002ded   Thumb Code   464  main.o(i.main)
    print_usart2_buf                         0x08003199   Thumb Code    48  bsp_usart2.o(i.print_usart2_buf)
    readChar                                 0x080031e9   Thumb Code    12  mqttpacket.o(i.readChar)
    readInt                                  0x080031f5   Thumb Code    18  mqttpacket.o(i.readInt)
    readMQTTLenString                        0x08003207   Thumb Code    52  mqttpacket.o(i.readMQTTLenString)
    sim800c_send_cmd                         0x0800323d   Thumb Code   106  sim800l.o(i.sim800c_send_cmd)
    sim800c_send_data                        0x080032b9   Thumb Code    70  sim800l.o(i.sim800c_send_data)
    transport_getdata                        0x08003319   Thumb Code    36  transport.o(i.transport_getdata)
    transport_sendPacketBuffer               0x0800333d   Thumb Code     8  transport.o(i.transport_sendPacketBuffer)
    writeCString                             0x08003345   Thumb Code    40  mqttpacket.o(i.writeCString)
    writeChar                                0x0800336d   Thumb Code    12  mqttpacket.o(i.writeChar)
    writeInt                                 0x08003379   Thumb Code    30  mqttpacket.o(i.writeInt)
    writeMQTTString                          0x08003397   Thumb Code    70  mqttpacket.o(i.writeMQTTString)
    Region$$Table$$Base                      0x08003470   Number         0  anon$$obj.o(Region$$Table)
    Region$$Table$$Limit                     0x08003490   Number         0  anon$$obj.o(Region$$Table)
    SystemCoreClock                          0x20000000   Data           4  system_stm32f10x.o(.data)
    AHBPrescTable                            0x20000004   Data          16  system_stm32f10x.o(.data)
    __stdout                                 0x20000030   Data           4  printf_init.o(.data)
    frameIndex                               0x20000040   Data           4  bsp_usart2.o(.data)
    FLAG_TEST                                0x20000044   Data           1  timer.o(.data)
    CCR1_Val                                 0x20000046   Data           2  timer.o(.data)
    CCR2_Val                                 0x20000048   Data           2  timer.o(.data)
    CCR3_Val                                 0x2000004a   Data           2  timer.o(.data)
    CCR4_Val                                 0x2000004c   Data           2  timer.o(.data)
    port                                     0x20000050   Data           4  sim800l.o(.data)
    ipaddr                                   0x20000054   Data           4  sim800l.o(.data)
    __initial_sp                             0x20000960   Data           0  startup_stm32f10x_md.o(STACK)



==============================================================================

Memory Map of the image

  Image Entry point : 0x080000ed

  Load Region LR_IROM1 (Base: 0x08000000, Size: 0x000034ec, Max: 0x00010000, ABSOLUTE)

    Execution Region ER_IROM1 (Base: 0x08000000, Size: 0x00003490, Max: 0x00010000, ABSOLUTE)

    Base Addr    Size         Type   Attr      Idx    E Section Name        Object

    0x08000000   0x000000ec   Data   RO            3    RESET               startup_stm32f10x_md.o
    0x080000ec   0x00000000   Code   RO         4090  * .ARM.Collect$$$$00000000  mc_w.l(entry.o)
    0x080000ec   0x00000004   Code   RO         4366    .ARM.Collect$$$$00000001  mc_w.l(entry2.o)
    0x080000f0   0x00000004   Code   RO         4369    .ARM.Collect$$$$00000004  mc_w.l(entry5.o)
    0x080000f4   0x00000000   Code   RO         4371    .ARM.Collect$$$$00000008  mc_w.l(entry7b.o)
    0x080000f4   0x00000000   Code   RO         4373    .ARM.Collect$$$$0000000A  mc_w.l(entry8b.o)
    0x080000f4   0x00000008   Code   RO         4374    .ARM.Collect$$$$0000000B  mc_w.l(entry9a.o)
    0x080000fc   0x00000000   Code   RO         4376    .ARM.Collect$$$$0000000D  mc_w.l(entry10a.o)
    0x080000fc   0x00000000   Code   RO         4378    .ARM.Collect$$$$0000000F  mc_w.l(entry11a.o)
    0x080000fc   0x00000004   Code   RO         4367    .ARM.Collect$$$$00002712  mc_w.l(entry2.o)
    0x08000100   0x00000024   Code   RO            4    .text               startup_stm32f10x_md.o
    0x08000124   0x00000024   Code   RO         4093    .text               mc_w.l(memcpya.o)
    0x08000148   0x00000024   Code   RO         4095    .text               mc_w.l(strstr.o)
    0x0800016c   0x0000000e   Code   RO         4097    .text               mc_w.l(strlen.o)
    0x0800017a   0x0000002c   Code   RO         4380    .text               mc_w.l(uidiv.o)
    0x080001a6   0x00000062   Code   RO         4382    .text               mc_w.l(uldiv.o)
    0x08000208   0x00000000   Code   RO         4384    .text               mc_w.l(iusefp.o)
    0x08000208   0x0000014e   Code   RO         4385    .text               mf_w.l(dadd.o)
    0x08000356   0x000000e4   Code   RO         4387    .text               mf_w.l(dmul.o)
    0x0800043a   0x000000de   Code   RO         4389    .text               mf_w.l(ddiv.o)
    0x08000518   0x00000030   Code   RO         4391    .text               mf_w.l(dfixul.o)
    0x08000548   0x00000030   Code   RO         4393    .text               mf_w.l(cdrcmple.o)
    0x08000578   0x00000024   Code   RO         4395    .text               mc_w.l(init.o)
    0x0800059c   0x0000001e   Code   RO         4397    .text               mc_w.l(llshl.o)
    0x080005ba   0x00000020   Code   RO         4399    .text               mc_w.l(llushr.o)
    0x080005da   0x00000024   Code   RO         4401    .text               mc_w.l(llsshr.o)
    0x080005fe   0x000000ba   Code   RO         4403    .text               mf_w.l(depilogue.o)
    0x080006b8   0x00000014   Code   RO         3183    i.BusFault_Handler  stm32f10x_it.o
    0x080006cc   0x000000f0   Code   RO         3641    i.Creg_CK           sim800l.o
    0x080007bc   0x00000034   Code   RO         3408    i.DMA1_Channel4_IRQHandler  bsp_usart1.o
    0x080007f0   0x00000034   Code   RO         3501    i.DMA1_Channel7_IRQHandler  bsp_usart2.o
    0x08000824   0x00000018   Code   RO          842    i.DMA_ClearFlag     stm32f10x_dma.o
    0x0800083c   0x0000001a   Code   RO          844    i.DMA_Cmd           stm32f10x_dma.o
    0x08000856   0x00000002   PAD
    0x08000858   0x000000f8   Code   RO          845    i.DMA_DeInit        stm32f10x_dma.o
    0x08000950   0x00000024   Code   RO          847    i.DMA_GetFlagStatus  stm32f10x_dma.o
    0x08000974   0x00000014   Code   RO          849    i.DMA_ITConfig      stm32f10x_dma.o
    0x08000988   0x0000003a   Code   RO          850    i.DMA_Init          stm32f10x_dma.o
    0x080009c2   0x00000002   Code   RO         3184    i.DebugMon_Handler  stm32f10x_it.o
    0x080009c4   0x00000018   Code   RO          988    i.FLASH_PrefetchBufferCmd  stm32f10x_flash.o
    0x080009dc   0x00000014   Code   RO          993    i.FLASH_SetLatency  stm32f10x_flash.o
    0x080009f0   0x000000a6   Code   RO         1274    i.GPIO_Init         stm32f10x_gpio.o
    0x08000a96   0x00000002   PAD
    0x08000a98   0x0000005c   Code   RO         1276    i.GPIO_PinRemapConfig  stm32f10x_gpio.o
    0x08000af4   0x0000000e   Code   RO         1278    i.GPIO_ReadInputDataBit  stm32f10x_gpio.o
    0x08000b02   0x00000002   PAD
    0x08000b04   0x00000018   Code   RO         3185    i.HardFault_Handler  stm32f10x_it.o
    0x08000b1c   0x00000028   Code   RO         3383    i.KEY_Init          bsp_key.o
    0x08000b44   0x00000050   Code   RO         3384    i.KEY_Scan          bsp_key.o
    0x08000b94   0x0000002c   Code   RO         3371    i.LED_GPIO_Config   bsp_led.o
    0x08000bc0   0x00000010   Code   RO         3502    i.LookUSART2_GetBuffCount  bsp_usart2.o
    0x08000bd0   0x00000060   Code   RO         3701    i.MQTTDeserialize_connack  mqttconnectclient.o
    0x08000c30   0x00000090   Code   RO         3771    i.MQTTDeserialize_publish  mqttdeserializepublish.o
    0x08000cc0   0x00000084   Code   RO         4006    i.MQTTDeserialize_suback  mqttsubscribeclient.o
    0x08000d44   0x00000038   Code   RO         3846    i.MQTTPacket_decode  mqttpacket.o
    0x08000d7c   0x00000014   Code   RO         3847    i.MQTTPacket_decodeBuf  mqttpacket.o
    0x08000d90   0x0000002a   Code   RO         3849    i.MQTTPacket_encode  mqttpacket.o
    0x08000dba   0x00000002   PAD
    0x08000dbc   0x00000028   Code   RO         3851    i.MQTTPacket_len    mqttpacket.o
    0x08000de4   0x000000b4   Code   RO         3852    i.MQTTPacket_read   mqttpacket.o
    0x08000e98   0x0000013c   Code   RO         3702    i.MQTTSerialize_connect  mqttconnectclient.o
    0x08000fd4   0x00000072   Code   RO         3703    i.MQTTSerialize_connectLength  mqttconnectclient.o
    0x08001046   0x00000006   Code   RO         3705    i.MQTTSerialize_pingreq  mqttconnectclient.o
    0x0800104c   0x00000094   Code   RO         4007    i.MQTTSerialize_subscribe  mqttsubscribeclient.o
    0x080010e0   0x0000002c   Code   RO         4008    i.MQTTSerialize_subscribeLength  mqttsubscribeclient.o
    0x0800110c   0x0000003a   Code   RO         3706    i.MQTTSerialize_zero  mqttconnectclient.o
    0x08001146   0x00000016   Code   RO         3854    i.MQTTstrlen        mqttpacket.o
    0x0800115c   0x00000018   Code   RO         3186    i.MemManage_Handler  stm32f10x_it.o
    0x08001174   0x00000002   Code   RO         3187    i.NMI_Handler       stm32f10x_it.o
    0x08001176   0x00000002   PAD
    0x08001178   0x00000064   Code   RO           92    i.NVIC_Init         misc.o
    0x080011dc   0x00000014   Code   RO           93    i.NVIC_PriorityGroupConfig  misc.o
    0x080011f0   0x00000002   Code   RO         3188    i.PendSV_Handler    stm32f10x_it.o
    0x080011f2   0x00000002   PAD
    0x080011f4   0x0000001c   Code   RO         1695    i.RCC_AHBPeriphClockCmd  stm32f10x_rcc.o
    0x08001210   0x0000001c   Code   RO         1696    i.RCC_APB1PeriphClockCmd  stm32f10x_rcc.o
    0x0800122c   0x0000001c   Code   RO         1698    i.RCC_APB2PeriphClockCmd  stm32f10x_rcc.o
    0x08001248   0x00000090   Code   RO         3615    i.RCC_Configuration  timer.o
    0x080012d8   0x00000040   Code   RO         1705    i.RCC_DeInit        stm32f10x_rcc.o
    0x08001318   0x000000ac   Code   RO         1706    i.RCC_GetClocksFreq  stm32f10x_rcc.o
    0x080013c4   0x00000030   Code   RO         1707    i.RCC_GetFlagStatus  stm32f10x_rcc.o
    0x080013f4   0x00000010   Code   RO         1709    i.RCC_GetSYSCLKSource  stm32f10x_rcc.o
    0x08001404   0x00000014   Code   RO         1710    i.RCC_HCLKConfig    stm32f10x_rcc.o
    0x08001418   0x00000038   Code   RO         1711    i.RCC_HSEConfig     stm32f10x_rcc.o
    0x08001450   0x00000014   Code   RO         1717    i.RCC_PCLK1Config   stm32f10x_rcc.o
    0x08001464   0x00000014   Code   RO         1718    i.RCC_PCLK2Config   stm32f10x_rcc.o
    0x08001478   0x0000000c   Code   RO         1719    i.RCC_PLLCmd        stm32f10x_rcc.o
    0x08001484   0x00000014   Code   RO         1720    i.RCC_PLLConfig     stm32f10x_rcc.o
    0x08001498   0x00000014   Code   RO         1723    i.RCC_SYSCLKConfig  stm32f10x_rcc.o
    0x080014ac   0x00000030   Code   RO         1725    i.RCC_WaitForHSEStartUp  stm32f10x_rcc.o
    0x080014dc   0x00000002   Code   RO         3190    i.SVC_Handler       stm32f10x_it.o
    0x080014de   0x00000004   Code   RO           24    i.SetSysClock       system_stm32f10x.o
    0x080014e2   0x00000002   PAD
    0x080014e4   0x000000b0   Code   RO           25    i.SetSysClockTo72   system_stm32f10x.o
    0x08001594   0x0000004c   Code   RO         3328    i.Set_PrintfPort    printf_init.o
    0x080015e0   0x000000e0   Code   RO         3642    i.Sim_ini           sim800l.o
    0x080016c0   0x0000011c   Code   RO         3643    i.Start_Gprs_TCP    sim800l.o
    0x080017dc   0x0000001c   Code   RO           96    i.SysTick_CLKSourceConfig  misc.o
    0x080017f8   0x00000050   Code   RO           27    i.SystemInit        system_stm32f10x.o
    0x08001848   0x00000002   Code   RO         3191    i.TIM2_IRQHandler   stm32f10x_it.o
    0x0800184a   0x00000002   PAD
    0x0800184c   0x00000048   Code   RO         3411    i.USART1_Config     bsp_usart1.o
    0x08001894   0x00000044   Code   RO         3414    i.USART1_GPIO_Init  bsp_usart1.o
    0x080018d8   0x00000090   Code   RO         3416    i.USART1_IRQHandler  bsp_usart1.o
    0x08001968   0x00000038   Code   RO         3417    i.USART1_Init       bsp_usart1.o
    0x080019a0   0x00000028   Code   RO         3418    i.USART1_NVIC_Init  bsp_usart1.o
    0x080019c8   0x00000020   Code   RO         3419    i.USART1_RX_Buffer_init  bsp_usart1.o
    0x080019e8   0x00000020   Code   RO         3420    i.USART1_SendByte   bsp_usart1.o
    0x08001a08   0x00000048   Code   RO         3504    i.USART2_Config     bsp_usart2.o
    0x08001a50   0x0000007c   Code   RO         3506    i.USART2_DMATxd_Init  bsp_usart2.o
    0x08001acc   0x00000040   Code   RO         3507    i.USART2_GPIO_Init  bsp_usart2.o
    0x08001b0c   0x00000064   Code   RO         3508    i.USART2_GetData    bsp_usart2.o
    0x08001b70   0x00000098   Code   RO         3509    i.USART2_IRQHandler  bsp_usart2.o
    0x08001c08   0x00000038   Code   RO         3510    i.USART2_Init       bsp_usart2.o
    0x08001c40   0x0000002a   Code   RO         3511    i.USART2_NVIC_Init  bsp_usart2.o
    0x08001c6a   0x00000002   PAD
    0x08001c6c   0x00000024   Code   RO         3512    i.USART2_RX_Buffer_init  bsp_usart2.o
    0x08001c90   0x00000030   Code   RO         3514    i.USART2_SendString  bsp_usart2.o
    0x08001cc0   0x0000004c   Code   RO         3515    i.USART2_printf     bsp_usart2.o
    0x08001d0c   0x00000010   Code   RO         2872    i.USART_ClearITPendingBit  stm32f10x_usart.o
    0x08001d1c   0x00000018   Code   RO         2875    i.USART_Cmd         stm32f10x_usart.o
    0x08001d34   0x00000014   Code   RO         2876    i.USART_DMACmd      stm32f10x_usart.o
    0x08001d48   0x0000000e   Code   RO         2878    i.USART_GetFlagStatus  stm32f10x_usart.o
    0x08001d56   0x00000040   Code   RO         2879    i.USART_GetITStatus  stm32f10x_usart.o
    0x08001d96   0x00000036   Code   RO         2881    i.USART_ITConfig    stm32f10x_usart.o
    0x08001dcc   0x000000bc   Code   RO         2882    i.USART_Init        stm32f10x_usart.o
    0x08001e88   0x00000008   Code   RO         2889    i.USART_ReceiveData  stm32f10x_usart.o
    0x08001e90   0x00000008   Code   RO         2892    i.USART_SendData    stm32f10x_usart.o
    0x08001e98   0x00000002   Code   RO         3192    i.USB_HP_CAN1_TX_IRQHandler  stm32f10x_it.o
    0x08001e9a   0x00000002   Code   RO         3193    i.USB_LP_CAN1_RX0_IRQHandler  stm32f10x_it.o
    0x08001e9c   0x00000018   Code   RO         3194    i.UsageFault_Handler  stm32f10x_it.o
    0x08001eb4   0x00000020   Code   RO         4312    i.__0printf$8       mc_w.l(printf8.o)
    0x08001ed4   0x00000028   Code   RO         4314    i.__0sprintf$8      mc_w.l(printf8.o)
    0x08001efc   0x00000024   Code   RO         4344    i.__0vsprintf       mc_w.l(printfa.o)
    0x08001f20   0x0000000e   Code   RO         4407    i.__scatterload_copy  mc_w.l(handlers.o)
    0x08001f2e   0x00000002   Code   RO         4408    i.__scatterload_null  mc_w.l(handlers.o)
    0x08001f30   0x0000000e   Code   RO         4409    i.__scatterload_zeroinit  mc_w.l(handlers.o)
    0x08001f3e   0x00000002   PAD
    0x08001f40   0x00000184   Code   RO         4345    i._fp_digits        mc_w.l(printfa.o)
    0x080020c4   0x00000410   Code   RO         4319    i._printf_core      mc_w.l(printf8.o)
    0x080024d4   0x000006dc   Code   RO         4346    i._printf_core      mc_w.l(printfa.o)
    0x08002bb0   0x00000024   Code   RO         4320    i._printf_post_padding  mc_w.l(printf8.o)
    0x08002bd4   0x00000024   Code   RO         4347    i._printf_post_padding  mc_w.l(printfa.o)
    0x08002bf8   0x0000002e   Code   RO         4321    i._printf_pre_padding  mc_w.l(printf8.o)
    0x08002c26   0x0000002e   Code   RO         4348    i._printf_pre_padding  mc_w.l(printfa.o)
    0x08002c54   0x0000000a   Code   RO         4323    i._sputc            mc_w.l(printf8.o)
    0x08002c5e   0x0000000a   Code   RO         4350    i._sputc            mc_w.l(printfa.o)
    0x08002c68   0x00000024   Code   RO         3855    i.bufchar           mqttpacket.o
    0x08002c8c   0x000000c8   Code   RO         3644    i.connect_server    sim800l.o
    0x08002d54   0x0000003c   Code   RO         3298    i.delay_init        delay.o
    0x08002d90   0x00000034   Code   RO         3299    i.delay_ms          delay.o
    0x08002dc4   0x00000028   Code   RO         3331    i.fputc             printf_init.o
    0x08002dec   0x000003ac   Code   RO         3109    i.main              main.o
    0x08003198   0x00000050   Code   RO         3516    i.print_usart2_buf  bsp_usart2.o
    0x080031e8   0x0000000c   Code   RO         3857    i.readChar          mqttpacket.o
    0x080031f4   0x00000012   Code   RO         3858    i.readInt           mqttpacket.o
    0x08003206   0x00000034   Code   RO         3859    i.readMQTTLenString  mqttpacket.o
    0x0800323a   0x00000002   PAD
    0x0800323c   0x0000007c   Code   RO         3645    i.sim800c_send_cmd  sim800l.o
    0x080032b8   0x00000060   Code   RO         3646    i.sim800c_send_data  sim800l.o
    0x08003318   0x00000024   Code   RO         3269    i.transport_getdata  transport.o
    0x0800333c   0x00000008   Code   RO         3271    i.transport_sendPacketBuffer  transport.o
    0x08003344   0x00000028   Code   RO         3860    i.writeCString      mqttpacket.o
    0x0800336c   0x0000000c   Code   RO         3861    i.writeChar         mqttpacket.o
    0x08003378   0x0000001e   Code   RO         3862    i.writeInt          mqttpacket.o
    0x08003396   0x00000046   Code   RO         3863    i.writeMQTTString   mqttpacket.o
    0x080033dc   0x00000058   Data   RO         3110    .constdata          main.o
    0x08003434   0x00000039   Data   RO         3648    .conststring        sim800l.o
    0x0800346d   0x00000003   PAD
    0x08003470   0x00000020   Data   RO         4405    Region$$Table       anon$$obj.o


    Execution Region RW_IRAM1 (Base: 0x20000000, Size: 0x00000960, Max: 0x00005000, ABSOLUTE)

    Base Addr    Size         Type   Attr      Idx    E Section Name        Object

    0x20000000   0x00000014   Data   RW           28    .data               system_stm32f10x.o
    0x20000014   0x00000014   Data   RW         1726    .data               stm32f10x_rcc.o
    0x20000028   0x00000004   Data   RW         3301    .data               delay.o
    0x2000002c   0x00000004   Data   RW         3332    .data               printf_init.o
    0x20000030   0x00000004   Data   RW         3333    .data               printf_init.o
    0x20000034   0x00000001   Data   RW         3385    .data               bsp_key.o
    0x20000035   0x00000001   PAD
    0x20000036   0x00000004   Data   RW         3423    .data               bsp_usart1.o
    0x2000003a   0x00000002   PAD
    0x2000003c   0x00000008   Data   RW         3518    .data               bsp_usart2.o
    0x20000044   0x0000000a   Data   RW         3617    .data               timer.o
    0x2000004e   0x00000002   PAD
    0x20000050   0x00000008   Data   RW         3649    .data               sim800l.o
    0x20000058   0x00000004   Data   RW         3864    .data               mqttpacket.o
    0x2000005c   0x00000200   Zero   RW         3422    .bss                bsp_usart1.o
    0x2000025c   0x00000200   Zero   RW         3517    .bss                bsp_usart2.o
    0x2000045c   0x00000100   Zero   RW         3647    .bss                sim800l.o
    0x2000055c   0x00000004   PAD
    0x20000560   0x00000400   Zero   RW            1    STACK               startup_stm32f10x_md.o


==============================================================================

Image component sizes


      Code (inc. data)   RO Data    RW Data    ZI Data      Debug   Object Name

       120         12          0          1          0       1074   bsp_key.o
        44          4          0          0          0        482   bsp_led.o
       496         54          0          4        512       4789   bsp_usart1.o
       918        124          0          8        512       8543   bsp_usart2.o
         0          0          0          0          0       4508   core_cm3.o
       112         20          0          4          0       1128   delay.o
       940        476         88          0          0       3959   main.o
       148         14          0          0          0       2081   misc.o
       590         18          0          0          0       4309   mqttconnectclient.o
       144          0          0          0          0       1590   mqttdeserializepublish.o
       630         78          0          4          0       9390   mqttpacket.o
       324          0          0          0          0       3291   mqttsubscribeclient.o
       116         38          0          8          0       2859   printf_init.o
      1168        516         57          8        256       4727   sim800l.o
        36          8        236          0       1024        848   startup_stm32f10x_md.o
       412         28          0          0          0       5385   stm32f10x_dma.o
        44         12          0          0          0       1053   stm32f10x_flash.o
       272          6          0          0          0       3466   stm32f10x_gpio.o
       106         60          0          0          0       4651   stm32f10x_it.o
       600        100          0         20          0      11174   stm32f10x_rcc.o
       396          6          0          0          0       7618   stm32f10x_usart.o
       260         26          0         20          0     238581   system_stm32f10x.o
       144          8          0         10          0        972   timer.o
        44          0          0          0          0       1265   transport.o

    ----------------------------------------------------------------------
      8084       1608        416         92       2308     327743   Object Totals
         0          0         32          0          0          0   (incl. Generated)
        20          0          3          5          4          0   (incl. Padding)

    ----------------------------------------------------------------------

      Code (inc. data)   RO Data    RW Data    ZI Data      Debug   Library Member Name

         0          0          0          0          0          0   entry.o
         0          0          0          0          0          0   entry10a.o
         0          0          0          0          0          0   entry11a.o
         8          4          0          0          0          0   entry2.o
         4          0          0          0          0          0   entry5.o
         0          0          0          0          0          0   entry7b.o
         0          0          0          0          0          0   entry8b.o
         8          4          0          0          0          0   entry9a.o
        30          0          0          0          0          0   handlers.o
        36          8          0          0          0         68   init.o
         0          0          0          0          0          0   iusefp.o
        30          0          0          0          0         68   llshl.o
        36          0          0          0          0         68   llsshr.o
        32          0          0          0          0         68   llushr.o
        36          0          0          0          0         68   memcpya.o
      1204         60          0          0          0        504   printf8.o
      2272         86          0          0          0        516   printfa.o
        14          0          0          0          0         68   strlen.o
        36          0          0          0          0         80   strstr.o
        44          0          0          0          0         80   uidiv.o
        98          0          0          0          0         92   uldiv.o
        48          0          0          0          0         68   cdrcmple.o
       334          0          0          0          0        148   dadd.o
       222          0          0          0          0        100   ddiv.o
       186          0          0          0          0        176   depilogue.o
        48          0          0          0          0         68   dfixul.o
       228          0          0          0          0         96   dmul.o

    ----------------------------------------------------------------------
      4956        162          0          0          0       2336   Library Totals
         2          0          0          0          0          0   (incl. Padding)

    ----------------------------------------------------------------------

      Code (inc. data)   RO Data    RW Data    ZI Data      Debug   Library Name

      3888        162          0          0          0       1680   mc_w.l
      1066          0          0          0          0        656   mf_w.l

    ----------------------------------------------------------------------
      4956        162          0          0          0       2336   Library Totals

    ----------------------------------------------------------------------

==============================================================================


      Code (inc. data)   RO Data    RW Data    ZI Data      Debug   

     13040       1770        416         92       2308     323315   Grand Totals
     13040       1770        416         92       2308     323315   ELF Image Totals
     13040       1770        416         92          0          0   ROM Totals

==============================================================================

    Total RO  Size (Code + RO Data)                13456 (  13.14kB)
    Total RW  Size (RW Data + ZI Data)              2400 (   2.34kB)
    Total ROM Size (Code + RO Data + RW Data)      13548 (  13.23kB)

==============================================================================

